42.236.99.142 - - [30/Jun/2017:15:26:59 +0800] "GET /product/productModel/ijfbtc62mpm5btwo HTTP/1.1" 200 45188
180.153.236.117 - - [30/Jun/2017:15:26:59 +0800] "GET /?redirect=/product/productModel/iipavmu2814pka6q HTTP/1.1" 302 -
180.153.236.117 - - [30/Jun/2017:15:27:00 +0800] "GET /product/productModel/iipavmu2814pka6q?homepage=true HTTP/1.1" 200 41985
42.236.10.111 - - [30/Jun/2017:15:27:00 +0800] "GET /product/list/ig0gnn7t2gnlab6u?pageEntity.index=1&sort=asc:price HTTP/1.1" 200 36210
123.57.117.79 - - [30/Jun/2017:15:27:00 +0800] "GET /product/productModel/ihcz2twg1xr8eviv HTTP/1.1" 200 40588
42.236.10.114 - - [30/Jun/2017:15:27:00 +0800] "GET /product/productModel/ihvplh9976w852wp HTTP/1.1" 200 35688
42.236.99.79 - - [30/Jun/2017:15:27:01 +0800] "GET /product/productModel/ig0kgb6qah1uwa7u HTTP/1.1" 200 50526
119.23.169.209 - - [30/Jun/2017:15:27:01 +0800] "GET /product/list/iu9o94kv176mf53z?pageEntity.index=1&sort=desc:popularityAmount HTTP/1.1" 200 32105
140.205.9.20 - - [30/Jun/2017:15:27:01 +0800] "GET /product/productModel/ii8fiux7f7kqmhgk HTTP/1.1" 200 41329
123.57.117.65 - - [30/Jun/2017:15:27:02 +0800] "GET /?redirect=/product/productModel/ik3cb1pz28wn4b2g HTTP/1.1" 200 46096
101.200.101.208 - - [30/Jun/2017:15:27:05 +0800] "GET /product/productModel/ijfeyl9m1z6s36xr HTTP/1.1" 200 43573
140.207.54.79 - - [30/Jun/2017:15:28:07 +0800] "POST /application/checkToken?signature=4d96fb7bedbbc2ca5a4e07f75a97922590e38264&timestamp=1498807696&nonce=678831809&openid=oc_M1uCnDfOp-hf7_JmOz51L37DU HTTP/1.1" 200 -
40.77.167.112 - - [30/Jun/2017:15:28:11 +0800] "GET /product/list/ihx04j05clbfizcp HTTP/1.1" 200 33036
66.249.65.95 - - [30/Jun/2017:15:28:33 +0800] "GET /product/list/ih5ycesr2c7tzq1d HTTP/1.1" 200 35138
66.249.73.220 - - [30/Jun/2017:15:28:40 +0800] "GET /product/list/ite0qkid2pirz1jz HTTP/1.1" 200 34388
40.77.167.112 - - [30/Jun/2017:15:28:50 +0800] "GET /product/list/iuyvtek76rxyrk8i HTTP/1.1" 200 28272
66.249.73.220 - - [30/Jun/2017:15:28:59 +0800] "GET /product/list/ihk6nfha6ja8v8ci HTTP/1.1" 200 34775
101.200.28.182 - - [30/Jun/2017:15:29:55 +0800] "GET /product/productModel/ij0sahgk3jlt0pj8 HTTP/1.1" 200 40710
101.200.101.215 - - [30/Jun/2017:15:30:18 +0800] "GET /product/list/idtvjwkz63pt6p6q HTTP/1.1" 200 29477
101.200.101.206 - - [30/Jun/2017:15:30:25 +0800] "GET /favicon.ico HTTP/1.1" 404 1016
106.11.157.114 - - [30/Jun/2017:15:30:58 +0800] "GET /product/productModel/ihecu0u629y8h70p HTTP/1.1" 200 43316
137.74.207.101 - - [30/Jun/2017:15:31:42 +0800] "GET /question/iodohzji8xzgfsg1.html HTTP/1.1" 404 1054
157.55.39.7 - - [30/Jun/2017:15:32:54 +0800] "GET /product/hot/ih5zibpm36e9koe1 HTTP/1.1" 200 32597
157.55.39.152 - - [30/Jun/2017:15:33:08 +0800] "GET /product/productModel/iewcahybg18vssg5 HTTP/1.1" 200 42054
101.200.103.47 - - [30/Jun/2017:15:33:14 +0800] "GET /favicon.ico HTTP/1.1" 404 1016
66.249.65.93 - - [30/Jun/2017:15:33:25 +0800] "GET /product/list/iunjzfkp89iisy1x HTTP/1.1" 200 28698
40.77.167.112 - - [30/Jun/2017:15:34:47 +0800] "GET /product/productModel/ij3xyhtfc40ww81v HTTP/1.1" 200 42115
101.200.101.220 - - [30/Jun/2017:15:34:51 +0800] "GET /product/productModel/ifz4n7uu2n1fsrd4 HTTP/1.1" 200 40744
157.55.39.216 - - [30/Jun/2017:15:36:12 +0800] "GET /product/list/ichlcb4400009jug HTTP/1.1" 200 33881
66.249.73.222 - - [30/Jun/2017:15:37:07 +0800] "GET /product/list/iunjzfkp89iisy1x?sort=desc:saleAmount&pageEntity.index=1 HTTP/1.1" 200 28698
66.249.65.94 - - [30/Jun/2017:15:37:24 +0800] "GET /tenantOfMobile/ij3xv454d08wth88 HTTP/1.1" 200 19456
157.55.39.216 - - [30/Jun/2017:15:37:36 +0800] "GET /product/list/iel0ie19blxpxsi4 HTTP/1.1" 200 35794
66.249.65.93 - - [30/Jun/2017:15:37:56 +0800] "GET /product/productModel/ij6wjlkl22ae6yyl HTTP/1.1" 200 44820
101.200.103.47 - - [30/Jun/2017:15:38:11 +0800] "GET /favicon.ico HTTP/1.1" 404 1016
101.200.103.47 - - [30/Jun/2017:15:39:23 +0800] "GET /favicon.ico HTTP/1.1" 404 1016
51.255.65.65 - - [30/Jun/2017:15:40:14 +0800] "GET /order/easyBuy/ijph807e2kg2rqgc?amount=1 HTTP/1.1" 302 -
157.55.39.216 - - [30/Jun/2017:15:40:18 +0800] "GET /product/list/ifjdu1i33d537dre HTTP/1.1" 200 30048
157.55.39.7 - - [30/Jun/2017:15:41:18 +0800] "GET /product/list/idtvv6e821pmci3k HTTP/1.1" 200 33869
123.57.117.74 - - [30/Jun/2017:15:41:19 +0800] "GET / HTTP/1.1" 200 46096
101.200.103.63 - - [30/Jun/2017:15:41:20 +0800] "GET /scripts/css/layout.css?v=20160601 HTTP/1.1" 304 -
101.200.103.45 - - [30/Jun/2017:15:41:20 +0800] "GET /resources/assets/css/amazeui.min.css HTTP/1.1" 304 -
123.57.117.65 - - [30/Jun/2017:15:41:20 +0800] "GET /resources/jquery/jquery.min.js HTTP/1.1" 304 -
101.200.101.208 - - [30/Jun/2017:15:41:20 +0800] "GET /scripts/css/home.css?v=20160601 HTTP/1.1" 304 -
101.200.103.60 - - [30/Jun/2017:15:41:20 +0800] "GET /scripts/js/jquery.min.js HTTP/1.1" 304 -
123.57.117.82 - - [30/Jun/2017:15:41:20 +0800] "GET /resources/jquery/jquery-1.11.1.min.js HTTP/1.1" 304 -
101.200.101.210 - - [30/Jun/2017:15:41:20 +0800] "GET /resources/js/alert.js HTTP/1.1" 304 -
101.200.103.58 - - [30/Jun/2017:15:41:20 +0800] "GET /scripts/js/home.js HTTP/1.1" 304 -
123.57.117.71 - - [30/Jun/2017:15:41:20 +0800] "GET /resources/assets/js/amazeui.min.js HTTP/1.1" 304 -
101.200.101.206 - - [30/Jun/2017:15:41:20 +0800] "GET /scripts/js/ef.util.js HTTP/1.1" 304 -
101.200.101.217 - - [30/Jun/2017:15:41:20 +0800] "GET /scripts/js/myorder.js?v=929 HTTP/1.1" 304 -
123.57.117.74 - - [30/Jun/2017:15:41:20 +0800] "GET /scripts/images/intl-efeiyi.png HTTP/1.1" 200 3035
123.57.117.83 - - [30/Jun/2017:15:41:21 +0800] "POST /cart/cartAmount.do HTTP/1.1" 200 13
101.200.103.62 - - [30/Jun/2017:15:41:21 +0800] "GET /scripts/images/icon-home2016.png HTTP/1.1" 200 12071
101.200.101.217 - - [30/Jun/2017:15:41:21 +0800] "GET /scripts/images/newphone.png HTTP/1.1" 200 2400
101.200.103.29 - - [30/Jun/2017:15:41:21 +0800] "GET /scripts/images/icon2016.png HTTP/1.1" 200 3395
101.200.103.25 - - [30/Jun/2017:15:41:21 +0800] "GET /scripts/images/next.png HTTP/1.1" 200 2938
123.57.117.75 - - [30/Jun/2017:15:41:21 +0800] "GET /scripts/images/list2.png HTTP/1.1" 200 1193
101.200.103.13 - - [30/Jun/2017:15:41:22 +0800] "GET /scripts/images/home-wechat.jpg HTTP/1.1" 200 8165
123.57.117.67 - - [30/Jun/2017:15:41:22 +0800] "GET /scripts/images/es-logo.png HTTP/1.1" 200 6851
123.57.117.82 - - [30/Jun/2017:15:41:22 +0800] "GET /scripts/images/easy.png HTTP/1.1" 200 23536
123.57.117.79 - - [30/Jun/2017:15:41:22 +0800] "GET /scripts/images/authentication-0.png HTTP/1.1" 200 8309
101.200.101.215 - - [30/Jun/2017:15:41:22 +0800] "GET /scripts/images/authentication-1.png HTTP/1.1" 200 8272
123.57.117.66 - - [30/Jun/2017:15:41:22 +0800] "GET /scripts/images/authentication-2.png HTTP/1.1" 200 8272
123.57.117.66 - - [30/Jun/2017:15:41:22 +0800] "GET /scripts/images/itbg.jpg HTTP/1.1" 200 87077
101.200.103.21 - - [30/Jun/2017:15:41:22 +0800] "GET /scripts/images/authentication-3.png HTTP/1.1" 200 8050
123.57.117.78 - - [30/Jun/2017:15:41:22 +0800] "GET /scripts/images/es-btnh.png HTTP/1.1" 200 3648
101.200.101.215 - - [30/Jun/2017:15:41:23 +0800] "GET /scripts/images/fore-top.png HTTP/1.1" 200 1792
123.57.117.74 - - [30/Jun/2017:15:41:23 +0800] "GET /scripts/images/frlinksimg2.png HTTP/1.1" 200 9591
101.200.103.54 - - [30/Jun/2017:15:41:23 +0800] "GET /scripts/images/new-shouB.png HTTP/1.1" 200 14742
101.200.103.28 - - [30/Jun/2017:15:41:23 +0800] "GET /scripts/images/favicon.ico HTTP/1.1" 200 4299
1.180.235.36 - - [30/Jun/2017:15:41:46 +0800] "GET / HTTP/1.1" 200 64036
1.180.235.36 - - [30/Jun/2017:15:41:46 +0800] "GET /scripts/css/home.css?v=20160601 HTTP/1.1" 200 14650
1.180.235.36 - - [30/Jun/2017:15:41:46 +0800] "GET /scripts/css/layout.css?v=20160601 HTTP/1.1" 200 14560
1.180.235.36 - - [30/Jun/2017:15:41:46 +0800] "GET /resources/jquery/jquery-1.11.1.min.js HTTP/1.1" 200 138505
1.180.235.36 - - [30/Jun/2017:15:41:46 +0800] "GET /resources/js/alert.js HTTP/1.1" 200 4249
1.180.235.36 - - [30/Jun/2017:15:41:46 +0800] "GET /scripts/css/app.css?v=929 HTTP/1.1" 200 75538
1.180.235.36 - - [30/Jun/2017:15:41:46 +0800] "GET /scripts/css/myorder.css?v=929 HTTP/1.1" 200 98664
1.180.235.36 - - [30/Jun/2017:15:41:46 +0800] "GET /scripts/js/ef.util.js HTTP/1.1" 200 577
1.180.235.36 - - [30/Jun/2017:15:41:46 +0800] "GET /resources/jquery/jquery.min.js HTTP/1.1" 200 84347
1.180.235.36 - - [30/Jun/2017:15:41:46 +0800] "GET /resources/assets/css/amazeui.min.css HTTP/1.1" 200 263698
1.180.235.36 - - [30/Jun/2017:15:41:46 +0800] "GET /scripts/js/myorder.js?v=929 HTTP/1.1" 200 9230
1.180.235.36 - - [30/Jun/2017:15:41:46 +0800] "GET /scripts/js/system.js?v=929 HTTP/1.1" 200 17264
1.180.235.36 - - [30/Jun/2017:15:41:46 +0800] "GET /scripts/images/authentication-0.png HTTP/1.1" 200 8309
1.180.235.36 - - [30/Jun/2017:15:41:46 +0800] "GET /scripts/images/authentication-2.png HTTP/1.1" 200 8272
1.180.235.36 - - [30/Jun/2017:15:41:46 +0800] "GET /resources/assets/js/amazeui.min.js HTTP/1.1" 200 212387
1.180.235.36 - - [30/Jun/2017:15:41:46 +0800] "GET /scripts/images/ef-logo-mall.png HTTP/1.1" 200 11675
1.180.235.36 - - [30/Jun/2017:15:41:46 +0800] "GET /scripts/images/authentication-1.png HTTP/1.1" 200 8272
1.180.235.36 - - [30/Jun/2017:15:41:46 +0800] "GET /scripts/images/authentication-3.png HTTP/1.1" 200 8050
1.180.235.36 - - [30/Jun/2017:15:41:46 +0800] "GET /scripts/images/icon2016.png HTTP/1.1" 200 3395
1.180.235.36 - - [30/Jun/2017:15:41:46 +0800] "GET /scripts/images/icon-home2016.png HTTP/1.1" 200 12071
1.180.235.36 - - [30/Jun/2017:15:41:46 +0800] "GET /scripts/images/line-1.png HTTP/1.1" 200 982
1.180.235.36 - - [30/Jun/2017:15:41:47 +0800] "GET /scripts/images/fore-top.png HTTP/1.1" 200 1792
1.180.235.36 - - [30/Jun/2017:15:41:47 +0800] "GET /scripts/images/newphone.png HTTP/1.1" 200 2400
1.180.235.36 - - [30/Jun/2017:15:41:47 +0800] "GET /scripts/images/frlinksimg2.png HTTP/1.1" 200 9591
1.180.235.36 - - [30/Jun/2017:15:41:47 +0800] "POST /cart/cartAmount.do HTTP/1.1" 200 13
1.180.235.36 - - [30/Jun/2017:15:41:47 +0800] "GET /scripts/images/next.png HTTP/1.1" 200 2938
1.180.235.36 - - [30/Jun/2017:15:41:50 +0800] "GET /scripts/images/favicon.ico HTTP/1.1" 200 4299
1.180.235.36 - - [30/Jun/2017:15:41:52 +0800] "GET /product/hot/iefgxes915akvek5 HTTP/1.1" 200 35966
1.180.235.36 - - [30/Jun/2017:15:41:52 +0800] "GET /scripts/images/ef-logo-mall.png HTTP/1.1" 200 11675
1.180.235.36 - - [30/Jun/2017:15:41:52 +0800] "GET /scripts/images/icon2016.png HTTP/1.1" 200 3395
1.180.235.36 - - [30/Jun/2017:15:41:52 +0800] "GET /scripts/images/icon.png HTTP/1.1" 200 27329
1.180.235.36 - - [30/Jun/2017:15:41:52 +0800] "GET /scripts/images/icon-home2016.png HTTP/1.1" 200 12071
1.180.235.36 - - [30/Jun/2017:15:41:52 +0800] "GET /scripts/images/authentication-0.png HTTP/1.1" 200 8309
1.180.235.36 - - [30/Jun/2017:15:41:52 +0800] "GET /scripts/images/authentication-1.png HTTP/1.1" 200 8272
1.180.235.36 - - [30/Jun/2017:15:41:52 +0800] "GET /scripts/images/authentication-2.png HTTP/1.1" 200 8272
1.180.235.36 - - [30/Jun/2017:15:41:52 +0800] "GET /scripts/images/authentication-3.png HTTP/1.1" 200 8050
1.180.235.36 - - [30/Jun/2017:15:41:52 +0800] "GET /scripts/images/fore-top.png HTTP/1.1" 200 1792
1.180.235.36 - - [30/Jun/2017:15:41:52 +0800] "GET /scripts/images/frlinksimg2.png HTTP/1.1" 200 9591
1.180.235.36 - - [30/Jun/2017:15:41:52 +0800] "POST /cart/cartAmount.do HTTP/1.1" 200 13
1.180.235.36 - - [30/Jun/2017:15:41:52 +0800] "GET /scripts/images/newphone.png HTTP/1.1" 200 2400
66.249.65.95 - - [30/Jun/2017:15:42:02 +0800] "GET /product/productModel/impufm801zc89vv4 HTTP/1.1" 200 42702
123.57.117.71 - - [30/Jun/2017:15:42:31 +0800] "GET /robots.txt HTTP/1.1" 404 1014
123.57.117.81 - - [30/Jun/2017:15:42:38 +0800] "GET /product/productModel/ig944vo11bbcsje8 HTTP/1.1" 200 41140
164.132.161.24 - - [30/Jun/2017:15:42:40 +0800] "GET /tenant/ief6tn2o33hdv6k5?conditions=&sort=desc:product.createDateTime&pageEntity.size=12&pageEntity.index=2 HTTP/1.1" 200 32664
123.57.117.81 - - [30/Jun/2017:15:42:41 +0800] "GET /scripts/images/home-wechat.jpg HTTP/1.1" 200 8165
101.200.103.47 - - [30/Jun/2017:15:42:47 +0800] "GET /favicon.ico HTTP/1.1" 404 1016
123.57.117.83 - - [30/Jun/2017:15:43:03 +0800] "GET /favicon.ico HTTP/1.1" 404 1016
157.55.39.152 - - [30/Jun/2017:15:43:05 +0800] "GET /product/list/ichkxgko0000fkeu HTTP/1.1" 200 35341
123.57.117.74 - - [30/Jun/2017:15:45:13 +0800] "GET / HTTP/1.1" 200 46096
101.200.101.201 - - [30/Jun/2017:15:45:13 +0800] "GET /resources/assets/css/amazeui.min.css HTTP/1.1" 304 -
101.200.103.63 - - [30/Jun/2017:15:45:13 +0800] "GET /scripts/css/layout.css?v=20160601 HTTP/1.1" 304 -
123.57.117.65 - - [30/Jun/2017:15:45:13 +0800] "GET /scripts/css/home.css?v=20160601 HTTP/1.1" 304 -
101.200.101.208 - - [30/Jun/2017:15:45:13 +0800] "GET /resources/jquery/jquery-1.11.1.min.js HTTP/1.1" 304 -
123.57.117.65 - - [30/Jun/2017:15:45:13 +0800] "GET /resources/jquery/jquery.min.js HTTP/1.1" 304 -
123.57.117.66 - - [30/Jun/2017:15:45:13 +0800] "GET /scripts/js/jquery.min.js HTTP/1.1" 304 -
101.200.101.213 - - [30/Jun/2017:15:45:13 +0800] "GET /scripts/js/home.js HTTP/1.1" 304 -
123.57.117.79 - - [30/Jun/2017:15:45:13 +0800] "GET /resources/js/alert.js HTTP/1.1" 304 -
101.200.101.206 - - [30/Jun/2017:15:45:13 +0800] "GET /scripts/js/ef.util.js HTTP/1.1" 304 -
123.57.117.71 - - [30/Jun/2017:15:45:13 +0800] "GET /resources/assets/js/amazeui.min.js HTTP/1.1" 304 -
123.57.117.79 - - [30/Jun/2017:15:45:13 +0800] "GET /scripts/js/myorder.js?v=929 HTTP/1.1" 304 -
123.57.117.74 - - [30/Jun/2017:15:45:14 +0800] "GET /scripts/images/intl-efeiyi.png HTTP/1.1" 200 3035
101.200.103.12 - - [30/Jun/2017:15:45:14 +0800] "GET /scripts/images/es-logo.png HTTP/1.1" 200 6851
101.200.101.216 - - [30/Jun/2017:15:45:14 +0800] "GET /scripts/images/home-wechat.jpg HTTP/1.1" 200 8165
101.200.101.213 - - [30/Jun/2017:15:45:14 +0800] "GET /scripts/images/easy.png HTTP/1.1" 200 23536
101.200.101.212 - - [30/Jun/2017:15:45:14 +0800] "GET /scripts/images/authentication-0.png HTTP/1.1" 200 8309
101.200.101.215 - - [30/Jun/2017:15:45:15 +0800] "GET /scripts/images/authentication-1.png HTTP/1.1" 200 8272
101.200.101.201 - - [30/Jun/2017:15:45:15 +0800] "GET /scripts/images/authentication-2.png HTTP/1.1" 200 8272
123.57.117.70 - - [30/Jun/2017:15:45:15 +0800] "GET /scripts/images/icon-home2016.png HTTP/1.1" 200 12071
101.200.103.21 - - [30/Jun/2017:15:45:15 +0800] "GET /scripts/images/authentication-3.png HTTP/1.1" 200 8050
101.200.103.29 - - [30/Jun/2017:15:45:15 +0800] "GET /scripts/images/icon2016.png HTTP/1.1" 200 3395
123.57.117.75 - - [30/Jun/2017:15:45:15 +0800] "GET /scripts/images/list2.png HTTP/1.1" 200 1193
101.200.101.209 - - [30/Jun/2017:15:45:15 +0800] "GET /scripts/images/itbg.jpg HTTP/1.1" 200 87077
101.200.103.22 - - [30/Jun/2017:15:45:15 +0800] "GET /scripts/images/es-btnh.png HTTP/1.1" 200 3648
123.57.117.70 - - [30/Jun/2017:15:45:15 +0800] "GET /scripts/images/fore-top.png HTTP/1.1" 200 1792
101.200.101.202 - - [30/Jun/2017:15:45:15 +0800] "GET /scripts/images/frlinksimg2.png HTTP/1.1" 200 9591
123.57.117.83 - - [30/Jun/2017:15:45:15 +0800] "GET /scripts/images/newphone.png HTTP/1.1" 200 2400
123.57.117.81 - - [30/Jun/2017:15:45:15 +0800] "GET /scripts/images/new-shouB.png HTTP/1.1" 200 14742
101.200.101.201 - - [30/Jun/2017:15:45:15 +0800] "POST /cart/cartAmount.do HTTP/1.1" 200 13
101.200.101.206 - - [30/Jun/2017:15:45:15 +0800] "GET /scripts/images/next.png HTTP/1.1" 200 2938
1.180.235.36 - - [30/Jun/2017:15:45:19 +0800] "GET / HTTP/1.1" 302 -
1.180.235.36 - - [30/Jun/2017:15:45:19 +0800] "GET /minglu HTTP/1.1" 200 19004
1.180.235.36 - - [30/Jun/2017:15:45:19 +0800] "GET /scripts/assets/css/craft.css?v=20150831 HTTP/1.1" 200 5983
1.180.235.36 - - [30/Jun/2017:15:45:19 +0800] "GET /scripts/assets/css/layout.css?v=20160601 HTTP/1.1" 200 14548
1.180.235.36 - - [30/Jun/2017:15:45:19 +0800] "GET /scripts/assets/js/system.js?v=20150831 HTTP/1.1" 200 17210
1.180.235.36 - - [30/Jun/2017:15:45:19 +0800] "GET /scripts/assets/css/home.css?v=20160601 HTTP/1.1" 200 13815
1.180.235.36 - - [30/Jun/2017:15:45:19 +0800] "GET /resources/assets/js/jquery.min.js?v=20150831 HTTP/1.1" 200 84347
1.180.235.36 - - [30/Jun/2017:15:45:19 +0800] "GET /resources/jquery/jquery-2.1.3.min.js HTTP/1.1" 200 84328
1.180.235.36 - - [30/Jun/2017:15:45:20 +0800] "GET /resources/jquery/jquery-1.11.1.min.js HTTP/1.1" 200 138505
1.180.235.36 - - [30/Jun/2017:15:45:20 +0800] "GET /resources/assets/css/amazeui.min.css HTTP/1.1" 200 263698
1.180.235.36 - - [30/Jun/2017:15:45:20 +0800] "GET /resources/assets/js/amazeui.min.js?v=20150831 HTTP/1.1" 200 212387
1.180.235.36 - - [30/Jun/2017:15:45:21 +0800] "GET /scripts/assets/images/ef-logo-craft.png HTTP/1.1" 200 11569
1.180.235.36 - - [30/Jun/2017:15:45:21 +0800] "GET /scripts/assets/images/authentication-2.png HTTP/1.1" 200 8272
1.180.235.36 - - [30/Jun/2017:15:45:21 +0800] "GET /scripts/assets/images/authentication-0.png HTTP/1.1" 200 8309
1.180.235.36 - - [30/Jun/2017:15:45:21 +0800] "GET /scripts/assets/images/authentication-1.png HTTP/1.1" 200 8272
1.180.235.36 - - [30/Jun/2017:15:45:21 +0800] "GET /scripts/assets/images/newphone.png HTTP/1.1" 200 2400
1.180.235.36 - - [30/Jun/2017:15:45:21 +0800] "GET /scripts/assets/images/next.png HTTP/1.1" 200 2938
1.180.235.36 - - [30/Jun/2017:15:45:21 +0800] "GET /scripts/assets/images/icon2016.png HTTP/1.1" 200 3395
1.180.235.36 - - [30/Jun/2017:15:45:21 +0800] "GET /scripts/assets/images/authentication-3.png HTTP/1.1" 200 8050
1.180.235.36 - - [30/Jun/2017:15:45:21 +0800] "GET /scripts/assets/images/fore-top.png HTTP/1.1" 200 1792
1.180.235.36 - - [30/Jun/2017:15:45:21 +0800] "GET /scripts/assets/images/frlinksimg2.png HTTP/1.1" 200 9591
1.180.235.36 - - [30/Jun/2017:15:45:23 +0800] "GET /assets/i/app-icon72x72@2x.png HTTP/1.1" 404 1052
1.180.235.36 - - [30/Jun/2017:15:45:23 +0800] "GET /scripts/assets/images/favicon.ico HTTP/1.1" 200 4299
1.180.235.36 - - [30/Jun/2017:15:45:28 +0800] "GET / HTTP/1.1" 302 -
1.180.235.36 - - [30/Jun/2017:15:45:28 +0800] "GET /minglu HTTP/1.1" 200 19004
1.180.235.36 - - [30/Jun/2017:15:45:29 +0800] "GET /scripts/assets/images/authentication-0.png HTTP/1.1" 200 8309
1.180.235.36 - - [30/Jun/2017:15:45:29 +0800] "GET /scripts/assets/images/ef-logo-craft.png HTTP/1.1" 200 11569
1.180.235.36 - - [30/Jun/2017:15:45:29 +0800] "GET /scripts/assets/images/authentication-3.png HTTP/1.1" 200 8050
1.180.235.36 - - [30/Jun/2017:15:45:29 +0800] "GET /scripts/assets/images/authentication-1.png HTTP/1.1" 200 8272
1.180.235.36 - - [30/Jun/2017:15:45:29 +0800] "GET /scripts/assets/images/authentication-2.png HTTP/1.1" 200 8272
1.180.235.36 - - [30/Jun/2017:15:45:29 +0800] "GET /scripts/assets/images/icon2016.png HTTP/1.1" 200 3395
1.180.235.36 - - [30/Jun/2017:15:45:29 +0800] "GET /scripts/assets/images/fore-top.png HTTP/1.1" 200 1792
1.180.235.36 - - [30/Jun/2017:15:45:29 +0800] "GET /scripts/assets/images/next.png HTTP/1.1" 200 2938
1.180.235.36 - - [30/Jun/2017:15:45:29 +0800] "GET /scripts/assets/images/newphone.png HTTP/1.1" 200 2400
1.180.235.36 - - [30/Jun/2017:15:45:29 +0800] "GET /scripts/assets/images/frlinksimg2.png HTTP/1.1" 200 9591
1.180.235.36 - - [30/Jun/2017:15:45:34 +0800] "GET /minglu/questionList.do HTTP/1.1" 200 21036
1.180.235.36 - - [30/Jun/2017:15:45:34 +0800] "GET /scripts/assets/images/ef-logo-craft.png HTTP/1.1" 200 11569
1.180.235.36 - - [30/Jun/2017:15:45:34 +0800] "GET /scripts/assets/images/authentication-0.png HTTP/1.1" 200 8309
1.180.235.36 - - [30/Jun/2017:15:45:34 +0800] "GET /scripts/assets/images/authentication-1.png HTTP/1.1" 200 8272
1.180.235.36 - - [30/Jun/2017:15:45:34 +0800] "GET /scripts/assets/images/authentication-2.png HTTP/1.1" 200 8272
1.180.235.36 - - [30/Jun/2017:15:45:34 +0800] "GET /scripts/assets/images/authentication-3.png HTTP/1.1" 200 8050
1.180.235.36 - - [30/Jun/2017:15:45:34 +0800] "GET /scripts/assets/images/icon2016.png HTTP/1.1" 200 3395
1.180.235.36 - - [30/Jun/2017:15:45:34 +0800] "GET /scripts/assets/images/fore-top.png HTTP/1.1" 200 1792
1.180.235.36 - - [30/Jun/2017:15:45:34 +0800] "GET /scripts/assets/images/frlinksimg2.png HTTP/1.1" 200 9591
1.180.235.36 - - [30/Jun/2017:15:45:34 +0800] "GET /scripts/assets/images/newphone.png HTTP/1.1" 200 2400
1.180.235.36 - - [30/Jun/2017:15:45:38 +0800] "GET /minglu/assets/i/app-icon72x72@2x.png HTTP/1.1" 404 1066
101.200.101.214 - - [30/Jun/2017:15:45:45 +0800] "GET / HTTP/1.1" 200 46096
101.200.103.42 - - [30/Jun/2017:15:45:46 +0800] "GET /scripts/images/intl-efeiyi.png HTTP/1.1" 200 3035
101.200.103.29 - - [30/Jun/2017:15:45:46 +0800] "GET /scripts/images/icon2016.png HTTP/1.1" 200 3395
101.200.103.58 - - [30/Jun/2017:15:45:46 +0800] "GET /scripts/images/list2.png HTTP/1.1" 200 1193
123.57.117.70 - - [30/Jun/2017:15:45:46 +0800] "GET /scripts/images/icon-home2016.png HTTP/1.1" 200 12071
123.57.117.81 - - [30/Jun/2017:15:45:46 +0800] "GET /scripts/images/home-wechat.jpg HTTP/1.1" 200 8165
101.200.101.212 - - [30/Jun/2017:15:45:46 +0800] "GET /scripts/images/authentication-0.png HTTP/1.1" 200 8309
123.57.117.67 - - [30/Jun/2017:15:45:46 +0800] "GET /scripts/images/es-logo.png HTTP/1.1" 200 6851
101.200.101.213 - - [30/Jun/2017:15:45:46 +0800] "GET /scripts/images/easy.png HTTP/1.1" 200 23536
101.200.103.48 - - [30/Jun/2017:15:45:46 +0800] "GET /scripts/images/authentication-2.png HTTP/1.1" 200 8272
123.57.117.65 - - [30/Jun/2017:15:45:46 +0800] "GET /scripts/images/authentication-1.png HTTP/1.1" 200 8272
101.200.103.58 - - [30/Jun/2017:15:45:46 +0800] "GET /scripts/images/newphone.png HTTP/1.1" 200 2400
101.200.103.54 - - [30/Jun/2017:15:45:46 +0800] "GET /scripts/images/new-shouB.png HTTP/1.1" 200 14742
101.200.103.21 - - [30/Jun/2017:15:45:46 +0800] "GET /scripts/images/authentication-3.png HTTP/1.1" 200 8050
101.200.101.215 - - [30/Jun/2017:15:45:46 +0800] "GET /scripts/images/fore-top.png HTTP/1.1" 200 1792
101.200.103.38 - - [30/Jun/2017:15:45:46 +0800] "GET /scripts/images/frlinksimg2.png HTTP/1.1" 200 9591
123.57.117.66 - - [30/Jun/2017:15:45:46 +0800] "GET /scripts/images/itbg.jpg HTTP/1.1" 200 87077
101.200.101.210 - - [30/Jun/2017:15:45:46 +0800] "GET /scripts/images/es-btnh.png HTTP/1.1" 200 3648
101.200.103.62 - - [30/Jun/2017:15:45:46 +0800] "GET /scripts/images/icon-home2016.png HTTP/1.1" 200 12071
123.57.117.83 - - [30/Jun/2017:15:45:46 +0800] "POST /cart/cartAmount.do HTTP/1.1" 200 13
101.200.101.206 - - [30/Jun/2017:15:45:46 +0800] "GET /scripts/images/next.png HTTP/1.1" 200 2938
123.57.117.82 - - [30/Jun/2017:15:45:48 +0800] "GET /scripts/images/favicon.ico HTTP/1.1" 200 4299
157.55.39.7 - - [30/Jun/2017:15:46:12 +0800] "GET / HTTP/1.1" 200 64036
157.55.39.216 - - [30/Jun/2017:15:46:20 +0800] "GET /project/list/ie7tuza1ef2hqsic HTTP/1.1" 200 46841
101.200.103.49 - - [30/Jun/2017:15:46:31 +0800] "GET / HTTP/1.1" 200 46096
101.200.103.45 - - [30/Jun/2017:15:46:31 +0800] "GET /resources/assets/css/amazeui.min.css HTTP/1.1" 304 -
101.200.101.208 - - [30/Jun/2017:15:46:31 +0800] "GET /scripts/css/home.css?v=20160601 HTTP/1.1" 304 -
123.57.117.68 - - [30/Jun/2017:15:46:31 +0800] "GET /scripts/css/layout.css?v=20160601 HTTP/1.1" 304 -
123.57.117.78 - - [30/Jun/2017:15:46:31 +0800] "GET /scripts/js/home.js HTTP/1.1" 304 -
101.200.103.1 - - [30/Jun/2017:15:46:31 +0800] "GET /resources/js/alert.js HTTP/1.1" 304 -
101.200.103.44 - - [30/Jun/2017:15:46:31 +0800] "GET /scripts/js/myorder.js?v=929 HTTP/1.1" 304 -
101.200.101.205 - - [30/Jun/2017:15:46:31 +0800] "GET /resources/assets/js/amazeui.min.js HTTP/1.1" 304 -
123.57.117.83 - - [30/Jun/2017:15:46:31 +0800] "GET /scripts/js/ef.util.js HTTP/1.1" 304 -
123.57.117.74 - - [30/Jun/2017:15:46:31 +0800] "GET /scripts/images/intl-efeiyi.png HTTP/1.1" 200 3035
123.57.117.70 - - [30/Jun/2017:15:46:32 +0800] "GET /scripts/images/icon-home2016.png HTTP/1.1" 200 12071
123.57.117.83 - - [30/Jun/2017:15:46:32 +0800] "GET /scripts/images/newphone.png HTTP/1.1" 200 2400
101.200.103.54 - - [30/Jun/2017:15:46:32 +0800] "GET /scripts/images/new-shouB.png HTTP/1.1" 200 14742
101.200.103.29 - - [30/Jun/2017:15:46:32 +0800] "GET /scripts/images/icon2016.png HTTP/1.1" 200 3395
101.200.103.26 - - [30/Jun/2017:15:46:32 +0800] "POST /cart/cartAmount.do HTTP/1.1" 200 13
101.200.101.206 - - [30/Jun/2017:15:46:32 +0800] "GET /scripts/images/next.png HTTP/1.1" 200 2938
123.57.117.75 - - [30/Jun/2017:15:46:32 +0800] "GET /scripts/images/list2.png HTTP/1.1" 200 1193
123.57.117.81 - - [30/Jun/2017:15:46:33 +0800] "GET /scripts/images/home-wechat.jpg HTTP/1.1" 200 8165
123.57.117.82 - - [30/Jun/2017:15:46:33 +0800] "GET /scripts/images/easy.png HTTP/1.1" 200 23536
123.57.117.67 - - [30/Jun/2017:15:46:33 +0800] "GET /scripts/images/es-logo.png HTTP/1.1" 200 6851
123.57.117.79 - - [30/Jun/2017:15:46:33 +0800] "GET /scripts/images/authentication-0.png HTTP/1.1" 200 8309
123.57.117.66 - - [30/Jun/2017:15:46:33 +0800] "GET /scripts/images/authentication-2.png HTTP/1.1" 200 8272
101.200.101.215 - - [30/Jun/2017:15:46:33 +0800] "GET /scripts/images/authentication-1.png HTTP/1.1" 200 8272
101.200.103.21 - - [30/Jun/2017:15:46:33 +0800] "GET /scripts/images/authentication-3.png HTTP/1.1" 200 8050
101.200.101.209 - - [30/Jun/2017:15:46:33 +0800] "GET /scripts/images/itbg.jpg HTTP/1.1" 200 87077
123.57.117.78 - - [30/Jun/2017:15:46:33 +0800] "GET /scripts/images/es-btnh.png HTTP/1.1" 200 3648
101.200.103.1 - - [30/Jun/2017:15:46:33 +0800] "GET /scripts/images/fore-top.png HTTP/1.1" 200 1792
123.57.117.74 - - [30/Jun/2017:15:46:33 +0800] "GET /scripts/images/frlinksimg2.png HTTP/1.1" 200 9591
101.200.28.137 - - [30/Jun/2017:15:46:33 +0800] "GET /tenant/ik3bphwot7mtymgp?sort=desc:popularityAmount HTTP/1.1" 200 33524
101.200.103.28 - - [30/Jun/2017:15:46:34 +0800] "GET /scripts/images/favicon.ico HTTP/1.1" 200 4299
157.55.39.7 - - [30/Jun/2017:15:46:39 +0800] "GET /product/list/idtvjwkz63pt6p6q HTTP/1.1" 200 29477
66.249.65.95 - - [30/Jun/2017:15:46:58 +0800] "GET /product/productModel/igunwjpx1bl8et2u HTTP/1.1" 200 45180
175.20.90.0 - - [30/Jun/2017:15:47:42 +0800] "GET /robots.txt HTTP/1.1" 404 1014
175.20.90.0 - - [30/Jun/2017:15:47:43 +0800] "HEAD /minglu/question/iodxqzcr383qhosy.html HTTP/1.1" 200 -
175.20.90.0 - - [30/Jun/2017:15:47:43 +0800] "GET /minglu/question/iodxqzcr383qhosy.html HTTP/1.1" 200 13213
164.132.161.85 - - [30/Jun/2017:15:48:04 +0800] "GET /product/list/ig0gnn7t2gnlab6u?sort=&pageEntity.size=12&pageEntity.index=4 HTTP/1.1" 200 36018
123.57.117.76 - - [30/Jun/2017:15:48:56 +0800] "GET /product/list/j206dgjh27wxvog9?sort=asc:price&pageEntity.index=1 HTTP/1.1" 200 27989
157.55.39.152 - - [30/Jun/2017:15:49:01 +0800] "GET /project/list/iewl5xx92wft5j8l HTTP/1.1" 200 53758
101.200.101.206 - - [30/Jun/2017:15:50:36 +0800] "GET /favicon.ico HTTP/1.1" 404 1016
40.77.167.112 - - [30/Jun/2017:15:51:24 +0800] "GET /product/hot/ig7p4tdqaus370lp HTTP/1.1" 200 35950
85.93.91.84 - - [30/Jun/2017:15:51:56 +0800] "GET /product/list/iu3skwce5yhooxvg HTTP/1.0" 200 28122
217.182.132.182 - - [30/Jun/2017:15:52:56 +0800] "GET /minglu/questionList.do?sort=&pageEntity.size=12&pageEntity.index=30 HTTP/1.1" 200 15671
101.200.103.47 - - [30/Jun/2017:15:52:59 +0800] "GET /favicon.ico HTTP/1.1" 404 1016
123.125.71.91 - - [30/Jun/2017:15:54:20 +0800] "GET /product/list/idtvjwkz63pt6p6q HTTP/1.1" 200 29477
101.200.101.204 - - [30/Jun/2017:15:54:29 +0800] "GET /order/easyBuy/igumtp4w5ad19n62?amount=1 HTTP/1.1" 302 -
101.200.103.24 - - [30/Jun/2017:15:54:29 +0800] "GET /login HTTP/1.1" 200 14834
123.126.94.252 - - [30/Jun/2017:15:54:35 +0800] "GET /proxyip/check HTTP/1.1" 404 1020
51.255.64.106 - - [30/Jun/2017:15:56:53 +0800] "GET /product/productModel/ijxny7t020tnnem9 HTTP/1.1" 200 41820
101.200.101.214 - - [30/Jun/2017:15:57:34 +0800] "GET / HTTP/1.1" 200 46096
101.200.101.201 - - [30/Jun/2017:15:57:34 +0800] "GET /resources/assets/css/amazeui.min.css HTTP/1.1" 304 -
101.200.103.14 - - [30/Jun/2017:15:57:34 +0800] "GET /resources/jquery/jquery-1.11.1.min.js HTTP/1.1" 304 -
101.200.103.42 - - [30/Jun/2017:15:57:34 +0800] "GET /scripts/images/intl-efeiyi.png HTTP/1.1" 200 3035
123.57.117.68 - - [30/Jun/2017:15:57:34 +0800] "GET /scripts/css/layout.css?v=20160601 HTTP/1.1" 304 -
101.200.103.64 - - [30/Jun/2017:15:57:34 +0800] "GET /resources/jquery/jquery.min.js HTTP/1.1" 304 -
101.200.103.18 - - [30/Jun/2017:15:57:34 +0800] "GET /scripts/css/home.css?v=20160601 HTTP/1.1" 304 -
101.200.101.213 - - [30/Jun/2017:15:57:34 +0800] "GET /scripts/js/jquery.min.js HTTP/1.1" 304 -
101.200.101.210 - - [30/Jun/2017:15:57:34 +0800] "GET /resources/js/alert.js HTTP/1.1" 304 -
101.200.101.205 - - [30/Jun/2017:15:57:34 +0800] "GET /resources/assets/js/amazeui.min.js HTTP/1.1" 304 -
101.200.103.58 - - [30/Jun/2017:15:57:34 +0800] "GET /scripts/js/home.js HTTP/1.1" 304 -
101.200.103.44 - - [30/Jun/2017:15:57:34 +0800] "GET /scripts/js/myorder.js?v=929 HTTP/1.1" 304 -
101.200.103.13 - - [30/Jun/2017:15:57:34 +0800] "GET /scripts/images/home-wechat.jpg HTTP/1.1" 200 8165
101.200.103.19 - - [30/Jun/2017:15:57:34 +0800] "GET /scripts/js/ef.util.js HTTP/1.1" 304 -
101.200.103.12 - - [30/Jun/2017:15:57:34 +0800] "GET /scripts/images/es-logo.png HTTP/1.1" 200 6851
101.200.101.213 - - [30/Jun/2017:15:57:34 +0800] "GET /scripts/images/easy.png HTTP/1.1" 200 23536
101.200.101.212 - - [30/Jun/2017:15:57:34 +0800] "GET /scripts/images/authentication-0.png HTTP/1.1" 200 8309
123.57.117.65 - - [30/Jun/2017:15:57:34 +0800] "GET /scripts/images/authentication-1.png HTTP/1.1" 200 8272
101.200.103.48 - - [30/Jun/2017:15:57:34 +0800] "GET /scripts/images/authentication-2.png HTTP/1.1" 200 8272
123.57.117.80 - - [30/Jun/2017:15:57:34 +0800] "GET /scripts/images/authentication-3.png HTTP/1.1" 200 8050
101.200.101.209 - - [30/Jun/2017:15:57:34 +0800] "GET /scripts/images/itbg.jpg HTTP/1.1" 200 87077
101.200.103.62 - - [30/Jun/2017:15:57:34 +0800] "GET /scripts/images/icon-home2016.png HTTP/1.1" 200 12071
101.200.101.210 - - [30/Jun/2017:15:57:34 +0800] "GET /scripts/images/es-btnh.png HTTP/1.1" 200 3648
101.200.103.29 - - [30/Jun/2017:15:57:35 +0800] "GET /scripts/images/icon2016.png HTTP/1.1" 200 3395
101.200.103.38 - - [30/Jun/2017:15:57:35 +0800] "GET /scripts/images/frlinksimg2.png HTTP/1.1" 200 9591
101.200.103.1 - - [30/Jun/2017:15:57:35 +0800] "GET /scripts/images/fore-top.png HTTP/1.1" 200 1792
101.200.101.209 - - [30/Jun/2017:15:57:35 +0800] "GET /scripts/images/favicon.ico HTTP/1.1" 200 4299
101.200.101.217 - - [30/Jun/2017:15:57:35 +0800] "GET /scripts/images/newphone.png HTTP/1.1" 200 2400
123.57.117.83 - - [30/Jun/2017:15:57:35 +0800] "POST /cart/cartAmount.do HTTP/1.1" 200 13
123.57.117.81 - - [30/Jun/2017:15:57:35 +0800] "GET /scripts/images/new-shouB.png HTTP/1.1" 200 14742
101.200.103.58 - - [30/Jun/2017:15:57:35 +0800] "GET /scripts/images/list2.png HTTP/1.1" 200 1193
101.200.101.206 - - [30/Jun/2017:15:57:35 +0800] "GET /scripts/images/next.png HTTP/1.1" 200 2938
123.57.117.66 - - [30/Jun/2017:15:57:35 +0800] "GET /resources/assets/fonts/fontawesome-webfont.woff2?v=4.3.0 HTTP/1.1" 200 -
123.57.117.68 - - [30/Jun/2017:15:57:35 +0800] "GET /resources/assets/fonts/fontawesome-webfont.woff?v=4.3.0 HTTP/1.1" 200 -
101.200.101.212 - - [30/Jun/2017:15:57:35 +0800] "GET /resources/assets/fonts/fontawesome-webfont.ttf?v=4.3.0 HTTP/1.1" 200 -
101.200.103.49 - - [30/Jun/2017:15:58:05 +0800] "GET / HTTP/1.1" 200 46096
101.200.103.42 - - [30/Jun/2017:15:58:05 +0800] "GET /scripts/images/intl-efeiyi.png HTTP/1.1" 200 3035
101.200.103.62 - - [30/Jun/2017:15:58:05 +0800] "GET /scripts/images/icon-home2016.png HTTP/1.1" 200 12071
101.200.103.29 - - [30/Jun/2017:15:58:05 +0800] "GET /scripts/images/icon2016.png HTTP/1.1" 200 3395
101.200.103.58 - - [30/Jun/2017:15:58:05 +0800] "GET /scripts/images/list2.png HTTP/1.1" 200 1193
101.200.101.216 - - [30/Jun/2017:15:58:06 +0800] "GET /scripts/images/home-wechat.jpg HTTP/1.1" 200 8165
101.200.101.210 - - [30/Jun/2017:15:58:06 +0800] "GET /scripts/images/es-btnh.png HTTP/1.1" 200 3648
101.200.103.38 - - [30/Jun/2017:15:58:06 +0800] "GET /scripts/images/frlinksimg2.png HTTP/1.1" 200 9591
123.57.117.66 - - [30/Jun/2017:15:58:06 +0800] "GET /scripts/images/itbg.jpg HTTP/1.1" 200 87077
101.200.103.1 - - [30/Jun/2017:15:58:06 +0800] "GET /scripts/images/fore-top.png HTTP/1.1" 200 1792
101.200.103.12 - - [30/Jun/2017:15:58:06 +0800] "GET /scripts/images/es-logo.png HTTP/1.1" 200 6851
123.57.117.82 - - [30/Jun/2017:15:58:06 +0800] "GET /scripts/images/favicon.ico HTTP/1.1" 200 4299
101.200.101.201 - - [30/Jun/2017:15:58:06 +0800] "POST /cart/cartAmount.do HTTP/1.1" 200 13
123.57.117.79 - - [30/Jun/2017:15:58:06 +0800] "GET /scripts/images/authentication-0.png HTTP/1.1" 200 8309
101.200.103.8 - - [30/Jun/2017:15:58:06 +0800] "GET /scripts/images/easy.png HTTP/1.1" 200 23536
101.200.101.217 - - [30/Jun/2017:15:58:06 +0800] "GET /scripts/images/newphone.png HTTP/1.1" 200 2400
123.57.117.66 - - [30/Jun/2017:15:58:06 +0800] "GET /resources/assets/fonts/fontawesome-webfont.woff2?v=4.3.0 HTTP/1.1" 200 -
123.57.117.74 - - [30/Jun/2017:15:58:06 +0800] "GET /scripts/images/next.png HTTP/1.1" 200 2938
123.57.117.81 - - [30/Jun/2017:15:58:06 +0800] "GET /scripts/images/new-shouB.png HTTP/1.1" 200 14742
101.200.101.215 - - [30/Jun/2017:15:58:06 +0800] "GET /scripts/images/authentication-1.png HTTP/1.1" 200 8272
123.57.117.68 - - [30/Jun/2017:15:58:06 +0800] "GET /resources/assets/fonts/fontawesome-webfont.woff?v=4.3.0 HTTP/1.1" 200 -
101.200.101.201 - - [30/Jun/2017:15:58:06 +0800] "GET /scripts/images/authentication-2.png HTTP/1.1" 200 8272
101.200.101.212 - - [30/Jun/2017:15:58:06 +0800] "GET /scripts/images/authentication-3.png HTTP/1.1" 200 8050
123.57.117.66 - - [30/Jun/2017:15:58:06 +0800] "GET /resources/assets/fonts/fontawesome-webfont.ttf?v=4.3.0 HTTP/1.1" 200 -
123.57.117.74 - - [30/Jun/2017:15:58:56 +0800] "GET / HTTP/1.1" 200 46096
101.200.101.201 - - [30/Jun/2017:15:58:56 +0800] "GET /scripts/images/icon-home2016.png HTTP/1.1" 200 12071
101.200.103.29 - - [30/Jun/2017:15:58:56 +0800] "GET /scripts/images/icon2016.png HTTP/1.1" 200 3395
101.200.101.207 - - [30/Jun/2017:15:58:56 +0800] "GET /scripts/images/intl-efeiyi.png HTTP/1.1" 200 3035
123.57.117.75 - - [30/Jun/2017:15:58:56 +0800] "GET /scripts/images/list2.png HTTP/1.1" 200 1193
101.200.103.44 - - [30/Jun/2017:15:58:56 +0800] "GET /scripts/images/itbg.jpg HTTP/1.1" 200 87077
123.57.117.78 - - [30/Jun/2017:15:58:56 +0800] "GET /scripts/images/es-btnh.png HTTP/1.1" 200 3648
101.200.103.38 - - [30/Jun/2017:15:58:56 +0800] "GET /scripts/images/frlinksimg2.png HTTP/1.1" 200 9591
101.200.101.215 - - [30/Jun/2017:15:58:56 +0800] "GET /scripts/images/fore-top.png HTTP/1.1" 200 1792
101.200.101.209 - - [30/Jun/2017:15:58:56 +0800] "GET /scripts/images/favicon.ico HTTP/1.1" 200 4299
101.200.101.208 - - [30/Jun/2017:15:58:56 +0800] "GET /scripts/images/new-shouB.png HTTP/1.1" 200 14742
101.200.103.26 - - [30/Jun/2017:15:58:56 +0800] "POST /cart/cartAmount.do HTTP/1.1" 200 13
101.200.103.25 - - [30/Jun/2017:15:58:56 +0800] "GET /scripts/images/next.png HTTP/1.1" 200 2938
101.200.103.58 - - [30/Jun/2017:15:58:56 +0800] "GET /scripts/images/newphone.png HTTP/1.1" 200 2400
101.200.101.215 - - [30/Jun/2017:15:58:56 +0800] "GET /resources/assets/fonts/fontawesome-webfont.woff2?v=4.3.0 HTTP/1.1" 200 -
101.200.101.203 - - [30/Jun/2017:15:58:56 +0800] "GET /scripts/images/es-logo.png HTTP/1.1" 200 6851
123.57.117.81 - - [30/Jun/2017:15:58:56 +0800] "GET /scripts/images/home-wechat.jpg HTTP/1.1" 200 8165
123.57.117.82 - - [30/Jun/2017:15:58:56 +0800] "GET /scripts/images/easy.png HTTP/1.1" 200 23536
101.200.101.212 - - [30/Jun/2017:15:58:56 +0800] "GET /scripts/images/authentication-0.png HTTP/1.1" 200 8309
101.200.103.48 - - [30/Jun/2017:15:58:56 +0800] "GET /scripts/images/authentication-2.png HTTP/1.1" 200 8272
101.200.101.215 - - [30/Jun/2017:15:58:56 +0800] "GET /scripts/images/authentication-1.png HTTP/1.1" 200 8272
123.57.117.68 - - [30/Jun/2017:15:58:56 +0800] "GET /resources/assets/fonts/fontawesome-webfont.woff?v=4.3.0 HTTP/1.1" 200 -
123.57.117.80 - - [30/Jun/2017:15:58:56 +0800] "GET /scripts/images/authentication-3.png HTTP/1.1" 200 8050
101.200.101.212 - - [30/Jun/2017:15:58:56 +0800] "GET /resources/assets/fonts/fontawesome-webfont.ttf?v=4.3.0 HTTP/1.1" 200 -
221.224.39.198 - - [30/Jun/2017:15:59:03 +0800] "GET / HTTP/1.1" 200 64036
221.224.39.198 - - [30/Jun/2017:15:59:03 +0800] "GET /scripts/css/home.css?v=20160601 HTTP/1.1" 200 14650
221.224.39.198 - - [30/Jun/2017:15:59:03 +0800] "GET /scripts/css/myorder.css?v=929 HTTP/1.1" 200 98664
221.224.39.198 - - [30/Jun/2017:15:59:03 +0800] "GET /scripts/css/layout.css?v=20160601 HTTP/1.1" 200 14560
221.224.39.198 - - [30/Jun/2017:15:59:03 +0800] "GET /resources/js/alert.js HTTP/1.1" 200 4249
221.224.39.198 - - [30/Jun/2017:15:59:03 +0800] "GET /scripts/css/app.css?v=929 HTTP/1.1" 200 75538
221.224.39.198 - - [30/Jun/2017:15:59:03 +0800] "GET /scripts/js/ef.util.js HTTP/1.1" 200 577
221.224.39.198 - - [30/Jun/2017:15:59:03 +0800] "GET /scripts/js/myorder.js?v=929 HTTP/1.1" 200 9230
221.224.39.198 - - [30/Jun/2017:15:59:03 +0800] "GET /scripts/js/system.js?v=929 HTTP/1.1" 200 17264
221.224.39.198 - - [30/Jun/2017:15:59:03 +0800] "GET /scripts/images/ef-logo-mall.png HTTP/1.1" 200 11675
221.224.39.198 - - [30/Jun/2017:15:59:03 +0800] "GET /scripts/images/authentication-0.png HTTP/1.1" 200 8309
221.224.39.198 - - [30/Jun/2017:15:59:03 +0800] "GET /scripts/images/authentication-1.png HTTP/1.1" 200 8272
221.224.39.198 - - [30/Jun/2017:15:59:03 +0800] "GET /scripts/images/authentication-2.png HTTP/1.1" 200 8272
221.224.39.198 - - [30/Jun/2017:15:59:03 +0800] "GET /resources/jquery/jquery.min.js HTTP/1.1" 200 84347
221.224.39.198 - - [30/Jun/2017:15:59:03 +0800] "GET /scripts/images/authentication-3.png HTTP/1.1" 200 8050
221.224.39.198 - - [30/Jun/2017:15:59:03 +0800] "GET /resources/jquery/jquery-1.11.1.min.js HTTP/1.1" 200 138505
221.224.39.198 - - [30/Jun/2017:15:59:04 +0800] "GET /resources/assets/js/amazeui.min.js HTTP/1.1" 200 212387
221.224.39.198 - - [30/Jun/2017:15:59:05 +0800] "GET /resources/assets/css/amazeui.min.css HTTP/1.1" 200 263698
221.224.39.198 - - [30/Jun/2017:15:59:06 +0800] "GET /scripts/images/icon2016.png HTTP/1.1" 200 3395
221.224.39.198 - - [30/Jun/2017:15:59:06 +0800] "GET /scripts/images/favicon.ico HTTP/1.1" 200 4299
221.224.39.198 - - [30/Jun/2017:15:59:06 +0800] "POST /cart/cartAmount.do HTTP/1.1" 200 13
221.224.39.198 - - [30/Jun/2017:15:59:06 +0800] "GET /scripts/images/next.png HTTP/1.1" 200 2938
221.224.39.198 - - [30/Jun/2017:15:59:06 +0800] "GET /scripts/images/line-1.png HTTP/1.1" 200 982
221.224.39.198 - - [30/Jun/2017:15:59:06 +0800] "GET /scripts/images/fore-top.png HTTP/1.1" 200 1792
221.224.39.198 - - [30/Jun/2017:15:59:06 +0800] "GET /scripts/images/frlinksimg2.png HTTP/1.1" 200 9591
221.224.39.198 - - [30/Jun/2017:15:59:06 +0800] "GET /scripts/images/newphone.png HTTP/1.1" 200 2400
221.224.39.198 - - [30/Jun/2017:15:59:06 +0800] "GET /resources/assets/fonts/fontawesome-webfont.woff2?v=4.3.0 HTTP/1.1" 200 -
221.224.39.198 - - [30/Jun/2017:15:59:06 +0800] "GET /scripts/images/icon-home2016.png HTTP/1.1" 200 12071
221.224.39.198 - - [30/Jun/2017:15:59:06 +0800] "GET /resources/assets/fonts/fontawesome-webfont.woff?v=4.3.0 HTTP/1.1" 200 -
221.224.39.198 - - [30/Jun/2017:15:59:06 +0800] "GET /resources/assets/fonts/fontawesome-webfont.ttf?v=4.3.0 HTTP/1.1" 200 -
101.200.28.191 - - [30/Jun/2017:15:59:16 +0800] "GET /product/productModel/iipc7jnn3dbez1ap HTTP/1.1" 200 41983
66.249.65.94 - - [30/Jun/2017:15:59:52 +0800] "GET /product/removeProductFavorite.do?id= HTTP/1.1" 500 6093
221.224.39.198 - - [30/Jun/2017:16:00:44 +0800] "GET /document/aboutUs?group=ec.gywm HTTP/1.1" 200 26146
221.224.39.198 - - [30/Jun/2017:16:00:44 +0800] "GET /scripts/images/ef-logo-mall.png HTTP/1.1" 200 11675
221.224.39.198 - - [30/Jun/2017:16:00:44 +0800] "GET /scripts/images/authentication-0.png HTTP/1.1" 200 8309
221.224.39.198 - - [30/Jun/2017:16:00:44 +0800] "GET /scripts/images/icon2016.png HTTP/1.1" 200 3395
221.224.39.198 - - [30/Jun/2017:16:00:44 +0800] "GET /scripts/images/authentication-2.png HTTP/1.1" 200 8272
221.224.39.198 - - [30/Jun/2017:16:00:44 +0800] "GET /scripts/images/authentication-1.png HTTP/1.1" 200 8272
221.224.39.198 - - [30/Jun/2017:16:00:44 +0800] "GET /scripts/images/authentication-3.png HTTP/1.1" 200 8050
221.224.39.198 - - [30/Jun/2017:16:00:44 +0800] "POST /cart/cartAmount.do HTTP/1.1" 200 13
221.224.39.198 - - [30/Jun/2017:16:00:44 +0800] "GET /scripts/images/favicon.ico HTTP/1.1" 200 4299
221.224.39.198 - - [30/Jun/2017:16:00:44 +0800] "GET /scripts/images/fore-top.png HTTP/1.1" 200 1792
221.224.39.198 - - [30/Jun/2017:16:00:44 +0800] "GET /scripts/images/frlinksimg2.png HTTP/1.1" 200 9591
221.224.39.198 - - [30/Jun/2017:16:00:44 +0800] "GET /scripts/images/icon-home2016.png HTTP/1.1" 200 12071
221.224.39.198 - - [30/Jun/2017:16:00:44 +0800] "GET /scripts/images/newphone.png HTTP/1.1" 200 2400
221.224.39.198 - - [30/Jun/2017:16:00:44 +0800] "GET /resources/assets/fonts/fontawesome-webfont.woff2?v=4.3.0 HTTP/1.1" 200 -
221.224.39.198 - - [30/Jun/2017:16:00:45 +0800] "GET /resources/assets/fonts/fontawesome-webfont.woff?v=4.3.0 HTTP/1.1" 200 -
221.224.39.198 - - [30/Jun/2017:16:00:45 +0800] "GET /resources/assets/fonts/fontawesome-webfont.ttf?v=4.3.0 HTTP/1.1" 200 -
221.224.39.198 - - [30/Jun/2017:16:00:56 +0800] "GET /document/aboutUs?group=ec.lxwm HTTP/1.1" 200 26035
221.224.39.198 - - [30/Jun/2017:16:00:56 +0800] "GET /scripts/images/ef-logo-mall.png HTTP/1.1" 200 11675
221.224.39.198 - - [30/Jun/2017:16:00:56 +0800] "GET /scripts/images/authentication-0.png HTTP/1.1" 200 8309
221.224.39.198 - - [30/Jun/2017:16:00:56 +0800] "GET /scripts/images/authentication-1.png HTTP/1.1" 200 8272
221.224.39.198 - - [30/Jun/2017:16:00:56 +0800] "GET /scripts/images/authentication-2.png HTTP/1.1" 200 8272
221.224.39.198 - - [30/Jun/2017:16:00:56 +0800] "GET /scripts/images/authentication-3.png HTTP/1.1" 200 8050
221.224.39.198 - - [30/Jun/2017:16:00:56 +0800] "GET /scripts/images/icon2016.png HTTP/1.1" 200 3395
221.224.39.198 - - [30/Jun/2017:16:00:56 +0800] "GET /scripts/images/icon-home2016.png HTTP/1.1" 200 12071
221.224.39.198 - - [30/Jun/2017:16:00:56 +0800] "GET /scripts/images/favicon.ico HTTP/1.1" 200 4299
221.224.39.198 - - [30/Jun/2017:16:00:56 +0800] "POST /cart/cartAmount.do HTTP/1.1" 200 13
221.224.39.198 - - [30/Jun/2017:16:00:56 +0800] "GET /scripts/images/fore-top.png HTTP/1.1" 200 1792
221.224.39.198 - - [30/Jun/2017:16:00:56 +0800] "GET /scripts/images/frlinksimg2.png HTTP/1.1" 200 9591
221.224.39.198 - - [30/Jun/2017:16:00:56 +0800] "GET /scripts/images/newphone.png HTTP/1.1" 200 2400
221.224.39.198 - - [30/Jun/2017:16:00:57 +0800] "GET /resources/assets/fonts/fontawesome-webfont.woff2?v=4.3.0 HTTP/1.1" 200 -
221.224.39.198 - - [30/Jun/2017:16:00:57 +0800] "GET /resources/assets/fonts/fontawesome-webfont.woff?v=4.3.0 HTTP/1.1" 200 -
221.224.39.198 - - [30/Jun/2017:16:00:57 +0800] "GET /resources/assets/fonts/fontawesome-webfont.ttf?v=4.3.0 HTTP/1.1" 200 -
101.200.101.205 - - [30/Jun/2017:16:01:01 +0800] "GET /order/giftBuy/iui2u4aw2auwz42h/ HTTP/1.1" 302 -
123.57.117.67 - - [30/Jun/2017:16:01:02 +0800] "GET /login HTTP/1.1" 200 14834
66.249.65.95 - - [30/Jun/2017:16:02:24 +0800] "GET /tenant/iia13el533agq2v9?sort=asc:price HTTP/1.1" 200 27191
101.200.103.9 - - [30/Jun/2017:16:02:25 +0800] "POST /product/getProductModelById HTTP/1.1" 200 4808
101.200.103.53 - - [30/Jun/2017:16:02:26 +0800] "POST /wx/init.do HTTP/1.1" 200 53
101.200.101.204 - - [30/Jun/2017:16:02:26 +0800] "POST /product/getColumnListByProductModel HTTP/1.1" 200 410
157.55.39.7 - - [30/Jun/2017:16:03:54 +0800] "GET /product/list/iugdgcbs33nhocw5 HTTP/1.1" 200 27584
101.200.103.58 - - [30/Jun/2017:16:04:25 +0800] "GET /product/list/iciiwqvs00000gxl?sort=desc:product.createDateTime&pageEntity.size=12&pageEntity.index=3 HTTP/1.1" 200 35449
101.200.101.208 - - [30/Jun/2017:16:04:35 +0800] "GET /product/list/iciiwqvs00000gxl?sort=desc:product.createDateTime&pageEntity.size=12&pageEntity.index=2 HTTP/1.1" 200 35334
66.249.65.95 - - [30/Jun/2017:16:05:26 +0800] "GET /product/productModel/igm4a41s597pgdha HTTP/1.1" 200 46152
66.249.73.220 - - [30/Jun/2017:16:06:47 +0800] "GET /product/productModel/ij0t41eb188zh2jq HTTP/1.1" 200 40974
164.132.161.39 - - [30/Jun/2017:16:07:05 +0800] "GET /minglu/questionList.do?sort=&pageEntity.size=12&pageEntity.index=19 HTTP/1.1" 200 23309
157.55.39.216 - - [30/Jun/2017:16:07:15 +0800] "GET /product/hot/iepajq1j35sifodx HTTP/1.1" 200 36241
157.55.39.216 - - [30/Jun/2017:16:08:13 +0800] "GET /product/list/ihlsgrkv1qcehzk4 HTTP/1.1" 200 35245
123.57.117.74 - - [30/Jun/2017:16:08:34 +0800] "GET / HTTP/1.1" 200 26148
123.57.117.73 - - [30/Jun/2017:16:08:45 +0800] "GET /scripts/wap/js/system.js HTTP/1.1" 304 -
101.200.101.201 - - [30/Jun/2017:16:08:47 +0800] "POST /cart/cartAmount.do HTTP/1.1" 200 13
157.55.39.216 - - [30/Jun/2017:16:09:01 +0800] "GET /product/hot/ihcytpns19lbc4cu HTTP/1.1" 200 36317
66.249.73.220 - - [30/Jun/2017:16:09:46 +0800] "GET /cart/addProduct.do?id=ij0t41eb188zh2jq&amount=1&redirect=/product/productModel/ij0t41eb188zh2jq HTTP/1.1" 200 25648
59.110.48.24 - - [30/Jun/2017:16:10:29 +0800] "GET /manager/html HTTP/1.1" 401 2474
59.110.48.24 - - [30/Jun/2017:16:10:29 +0800] "GET /manager/html HTTP/1.1" 401 2474
59.110.48.24 - - [30/Jun/2017:16:10:29 +0800] "GET /manager/html HTTP/1.1" 401 2474
59.110.48.24 - - [30/Jun/2017:16:10:29 +0800] "GET /manager/html HTTP/1.1" 401 -
40.77.167.112 - - [30/Jun/2017:16:11:02 +0800] "GET /project/list/if5a268p2047ucj8 HTTP/1.1" 200 31604
217.182.132.50 - - [30/Jun/2017:16:12:59 +0800] "GET /minglu/question/io40ia5gnexk10eh.html HTTP/1.1" 200 13127
157.55.39.7 - - [30/Jun/2017:16:13:05 +0800] "GET /product/list/idtwz4022s4ohiln HTTP/1.1" 200 35094
66.249.65.94 - - [30/Jun/2017:16:14:20 +0800] "GET /tenantOfMobile/im65xnyw4cutsc5s HTTP/1.1" 200 12516
66.249.65.93 - - [30/Jun/2017:16:14:31 +0800] "GET /product/productModel/ih2u8zam1t3lyrl6 HTTP/1.1" 200 43707
157.55.39.7 - - [30/Jun/2017:16:15:37 +0800] "GET /project/list/if5a3g1h3aht7ma7 HTTP/1.1" 200 48459
101.200.101.212 - - [30/Jun/2017:16:16:14 +0800] "GET /createWxLoginUrl/1/iu3gi7w9251f5fue HTTP/1.1" 302 -
223.104.3.133 - - [30/Jun/2017:16:16:18 +0800] "GET /wl?code=031bl3MX1TcYRU01OmMX1Oq5MX1bl3Mi&state=1%2Fiu3gi7w9251f5fue HTTP/1.1" 302 -
101.200.101.211 - - [30/Jun/2017:16:16:18 +0800] "GET /qrcode/sample/1/iu3gi7w9251f5fue HTTP/1.1" 302 -
101.200.101.205 - - [30/Jun/2017:16:16:18 +0800] "GET /app/product_details.html?productId=iu3gi7w9251f5fue&title=%E5%A7%9A%E6%83%A0%E8%8A%AC-%E9%A2%9C%E4%BC%AF%E9%BE%99%E8%8A%B1%E9%B8%9F%E5%B0%8F%E5%93%81 HTTP/1.1" 200 7561
101.200.101.204 - - [30/Jun/2017:16:16:18 +0800] "GET /app/guide/css/layouts.css HTTP/1.1" 304 -
101.200.101.204 - - [30/Jun/2017:16:16:19 +0800] "GET /app/common/js/common.js HTTP/1.1" 304 -
101.200.101.202 - - [30/Jun/2017:16:16:19 +0800] "GET /app/common/js/util.js HTTP/1.1" 304 -
101.200.101.213 - - [30/Jun/2017:16:16:19 +0800] "GET /app/common/js/weixin.js HTTP/1.1" 304 -
101.200.101.201 - - [30/Jun/2017:16:16:19 +0800] "GET /app/guide/js/controller.js HTTP/1.1" 304 -
101.200.101.218 - - [30/Jun/2017:16:16:19 +0800] "GET /app/guide/js/model.js HTTP/1.1" 304 -
101.200.101.211 - - [30/Jun/2017:16:16:19 +0800] "POST /user/getCurrentUser HTTP/1.1" 200 419
101.200.101.213 - - [30/Jun/2017:16:16:19 +0800] "GET /app/images/icon-home-wechat.png HTTP/1.1" 200 15618
101.200.101.219 - - [30/Jun/2017:16:16:19 +0800] "POST /product/getProductModelById HTTP/1.1" 200 4808
101.200.101.204 - - [30/Jun/2017:16:16:19 +0800] "POST /product/getColumnListByProductModel HTTP/1.1" 200 870
101.200.101.208 - - [30/Jun/2017:16:16:19 +0800] "GET /app/images/icon-home.png HTTP/1.1" 200 26807
101.200.101.220 - - [30/Jun/2017:16:16:19 +0800] "GET /app/images/icon.png HTTP/1.1" 200 22724
101.200.101.212 - - [30/Jun/2017:16:16:19 +0800] "POST /wx/init.do HTTP/1.1" 200 53
101.200.101.213 - - [30/Jun/2017:16:16:20 +0800] "GET /app/images/play.gif HTTP/1.1" 200 1888
101.200.101.201 - - [30/Jun/2017:16:16:20 +0800] "GET /app/images/icon_tenant.png HTTP/1.1" 200 6674
101.200.101.205 - - [30/Jun/2017:16:16:20 +0800] "POST /project/hasArtistry HTTP/1.1" 200 13
101.200.101.212 - - [30/Jun/2017:16:16:22 +0800] "GET /createWxLoginUrl/1/iu3gi7w9251f5fue HTTP/1.1" 302 -
101.200.101.205 - - [30/Jun/2017:16:16:31 +0800] "GET /app/product_details.html?productId=iu3gi7w9251f5fue&title=%E5%A7%9A%E6%83%A0%E8%8A%AC-%E9%A2%9C%E4%BC%AF%E9%BE%99%E8%8A%B1%E9%B8%9F%E5%B0%8F%E5%93%81 HTTP/1.1" 200 7561
101.200.103.34 - - [30/Jun/2017:16:16:43 +0800] "GET /app/common/js/common.js HTTP/1.1" 304 -
123.57.117.70 - - [30/Jun/2017:16:17:12 +0800] "GET /app/common/js/util.js HTTP/1.1" 304 -
101.200.103.12 - - [30/Jun/2017:16:17:32 +0800] "GET /app/guide/js/model.js HTTP/1.1" 304 -
157.55.39.7 - - [30/Jun/2017:16:17:47 +0800] "GET /product/list/ij6tr9082c2swpzd HTTP/1.1" 200 34554
157.55.39.7 - - [30/Jun/2017:16:17:48 +0800] "GET /document/helpCenter?group=ec.thlc HTTP/1.1" 200 27671
157.55.39.7 - - [30/Jun/2017:16:17:48 +0800] "GET /document/helpCenter?group=ec.hhlc HTTP/1.1" 200 27671
157.55.39.152 - - [30/Jun/2017:16:17:58 +0800] "GET /document/helpCenter?group=ec.shzc HTTP/1.1" 200 27708
210.21.7.189 - - [30/Jun/2017:16:18:11 +0800] "GET /minglu/project/iu2hhkzj5v4z34wj HTTP/1.1" 200 20581
210.21.7.189 - - [30/Jun/2017:16:18:11 +0800] "GET /scripts/assets/css/craft.css?v=20150831 HTTP/1.1" 200 5983
210.21.7.189 - - [30/Jun/2017:16:18:11 +0800] "GET /scripts/assets/css/layout.css?v=20160601 HTTP/1.1" 200 14548
210.21.7.189 - - [30/Jun/2017:16:18:11 +0800] "GET /scripts/assets/css/home.css?v=20160601 HTTP/1.1" 200 13815
210.21.7.189 - - [30/Jun/2017:16:18:11 +0800] "GET /scripts/assets/js/system.js?v=20150831 HTTP/1.1" 200 17210
210.21.7.189 - - [30/Jun/2017:16:18:11 +0800] "GET /resources/jquery/jquery-2.1.3.min.js HTTP/1.1" 200 84328
