119.23.169.214 - - [30/Jun/2017:09:22:36 +0800] "GET /app/images/icon-home.png HTTP/1.1" 200 26807
119.23.169.217 - - [30/Jun/2017:09:22:36 +0800] "GET /app/images/icon-home-wechat.png HTTP/1.1" 200 15618
140.205.9.2 - - [30/Jun/2017:09:22:36 +0800] "GET /app/images/icon.png HTTP/1.1" 200 22724
140.205.9.18 - - [30/Jun/2017:09:22:36 +0800] "POST /tenant/getTenantById HTTP/1.1" 200 2216
119.23.169.204 - - [30/Jun/2017:09:22:36 +0800] "POST /wx/init.do HTTP/1.1" 200 53
140.205.9.14 - - [30/Jun/2017:09:22:36 +0800] "POST /product/getTenantGroup HTTP/1.1" 200 529
119.23.169.212 - - [30/Jun/2017:09:22:36 +0800] "POST /product/searchProductModelsByTenantGroup HTTP/1.1" 200 30855
119.23.169.215 - - [30/Jun/2017:09:22:36 +0800] "POST /tenant/getImageTextListByTenant HTTP/1.1" 200 2167
119.23.169.215 - - [30/Jun/2017:09:22:36 +0800] "POST /tenant/getTenantPraiseListByTenant HTTP/1.1" 200 26052
119.23.169.212 - - [30/Jun/2017:09:22:42 +0800] "POST /product/searchProductModelsByTenantGroup HTTP/1.1" 200 30855
101.200.103.53 - - [30/Jun/2017:09:22:43 +0800] "GET /app/product_details.html?productId=iuqoyzw72cvw0uer&title=%E5%B7%B4%E4%BE%9D%E9%83%A8%E8%90%BD%E5%88%BA%E7%BB%A3%E5%A5%B3%E5%8C%85 HTTP/1.1" 200 7561
119.23.169.212 - - [30/Jun/2017:09:22:46 +0800] "POST /product/searchProductModelsByTenantGroup HTTP/1.1" 200 30855
140.205.9.9 - - [30/Jun/2017:09:22:49 +0800] "POST /product/searchProductModelsByTenantGroup HTTP/1.1" 200 30855
140.205.9.9 - - [30/Jun/2017:09:22:53 +0800] "POST /product/searchProductModelsByTenantGroup HTTP/1.1" 200 30915
119.23.169.212 - - [30/Jun/2017:09:22:56 +0800] "POST /product/searchProductModelsByTenantGroup HTTP/1.1" 200 30281
140.205.9.9 - - [30/Jun/2017:09:23:00 +0800] "POST /product/searchProductModelsByTenantGroup HTTP/1.1" 200 29008
140.205.9.13 - - [30/Jun/2017:09:23:05 +0800] "GET /app/product_details.html?productId=iv0s1616136zxsoy&title=%E5%90%89%E7%A5%A5%E5%94%90%E5%8D%A1 HTTP/1.1" 200 7561
119.23.169.216 - - [30/Jun/2017:09:23:05 +0800] "POST /user/getCurrentUser HTTP/1.1" 200 419
119.23.169.217 - - [30/Jun/2017:09:23:06 +0800] "GET /app/images/icon-home-wechat.png HTTP/1.1" 200 15618
140.205.9.5 - - [30/Jun/2017:09:23:06 +0800] "GET /app/images/icon-home.png HTTP/1.1" 200 26807
119.23.169.209 - - [30/Jun/2017:09:23:06 +0800] "POST /product/getProductModelById HTTP/1.1" 200 4813
119.23.169.216 - - [30/Jun/2017:09:23:06 +0800] "POST /product/getColumnListByProductModel HTTP/1.1" 200 750
140.205.9.15 - - [30/Jun/2017:09:23:06 +0800] "POST /wx/init.do HTTP/1.1" 200 53
119.23.169.205 - - [30/Jun/2017:09:23:06 +0800] "GET /app/images/icon.png HTTP/1.1" 200 22724
119.23.169.215 - - [30/Jun/2017:09:23:06 +0800] "POST /project/hasArtistry HTTP/1.1" 200 13
119.23.169.217 - - [30/Jun/2017:09:23:06 +0800] "GET /app/images/play.gif HTTP/1.1" 200 1888
140.205.9.17 - - [30/Jun/2017:09:23:06 +0800] "GET /app/images/icon_tenant.png HTTP/1.1" 200 6674
101.200.103.7 - - [30/Jun/2017:09:23:15 +0800] "GET /app/product_details.html?productId=iv0s1616136zxsoy&title=%E5%90%89%E7%A5%A5%E5%94%90%E5%8D%A1 HTTP/1.1" 200 7561
123.57.117.70 - - [30/Jun/2017:09:23:15 +0800] "GET /app/common/js/common.js HTTP/1.1" 304 -
123.57.117.70 - - [30/Jun/2017:09:23:16 +0800] "GET /app/common/js/util.js HTTP/1.1" 304 -
101.200.101.201 - - [30/Jun/2017:09:23:16 +0800] "GET /app/guide/js/controller.js HTTP/1.1" 304 -
140.205.9.18 - - [30/Jun/2017:09:23:19 +0800] "GET /app/tenant_details.html?tenantId=iugd2v0v7mbwxumv&title=%E5%89%8D%E9%97%A8%E5%8D%8E%E9%9F%B5%C2%B7%E9%9D%9E%E9%81%97%E4%BD%93%E9%AA%8C%E4%B8%AD%E5%BF%83 HTTP/1.1" 200 13570
140.205.9.7 - - [30/Jun/2017:09:23:19 +0800] "POST /user/getCurrentUser HTTP/1.1" 200 419
140.205.9.5 - - [30/Jun/2017:09:23:19 +0800] "GET /app/images/icon-home-wechat.png HTTP/1.1" 200 15618
119.23.169.204 - - [30/Jun/2017:09:23:20 +0800] "POST /wx/init.do HTTP/1.1" 200 53
140.205.9.18 - - [30/Jun/2017:09:23:20 +0800] "POST /tenant/getTenantById HTTP/1.1" 200 2216
140.205.9.14 - - [30/Jun/2017:09:23:20 +0800] "POST /product/getTenantGroup HTTP/1.1" 200 529
140.205.9.5 - - [30/Jun/2017:09:23:20 +0800] "GET /app/images/icon-home.png HTTP/1.1" 200 26807
140.205.9.2 - - [30/Jun/2017:09:23:20 +0800] "GET /app/images/icon.png HTTP/1.1" 200 22724
140.205.9.5 - - [30/Jun/2017:09:23:20 +0800] "POST /tenant/getImageTextListByTenant HTTP/1.1" 200 2167
140.205.9.9 - - [30/Jun/2017:09:23:20 +0800] "POST /product/searchProductModelsByTenantGroup HTTP/1.1" 200 30855
140.205.9.12 - - [30/Jun/2017:09:23:20 +0800] "POST /tenant/getTenantPraiseListByTenant HTTP/1.1" 200 26052
140.205.9.9 - - [30/Jun/2017:09:23:26 +0800] "POST /product/searchProductModelsByTenantGroup HTTP/1.1" 200 32955
140.205.9.10 - - [30/Jun/2017:09:23:37 +0800] "GET /app/search.html?name= HTTP/1.1" 200 9470
119.23.169.205 - - [30/Jun/2017:09:23:37 +0800] "GET /app/images/icon.png HTTP/1.1" 200 22724
119.23.169.216 - - [30/Jun/2017:09:23:37 +0800] "POST /user/getCurrentUser HTTP/1.1" 200 419
119.23.169.204 - - [30/Jun/2017:09:23:37 +0800] "POST /wx/init.do HTTP/1.1" 200 53
140.205.9.17 - - [30/Jun/2017:09:23:37 +0800] "POST /product/getProductCategory HTTP/1.1" 200 1731
119.23.169.202 - - [30/Jun/2017:09:23:38 +0800] "POST /product/searchProductModels HTTP/1.1" 200 144406
140.205.9.18 - - [30/Jun/2017:09:23:50 +0800] "GET /app/tenant_details.html?tenantId=iugd2v0v7mbwxumv&title=%E5%89%8D%E9%97%A8%E5%8D%8E%E9%9F%B5%C2%B7%E9%9D%9E%E9%81%97%E4%BD%93%E9%AA%8C%E4%B8%AD%E5%BF%83 HTTP/1.1" 200 13570
119.23.169.205 - - [30/Jun/2017:09:23:51 +0800] "GET /app/images/icon.png HTTP/1.1" 200 22724
119.23.169.216 - - [30/Jun/2017:09:23:51 +0800] "POST /user/getCurrentUser HTTP/1.1" 200 419
119.23.169.217 - - [30/Jun/2017:09:23:51 +0800] "GET /app/images/icon-home-wechat.png HTTP/1.1" 200 15618
119.23.169.213 - - [30/Jun/2017:09:23:51 +0800] "POST /product/getTenantGroup HTTP/1.1" 200 529
140.205.9.18 - - [30/Jun/2017:09:23:51 +0800] "POST /tenant/getTenantById HTTP/1.1" 200 2216
140.205.9.5 - - [30/Jun/2017:09:23:51 +0800] "GET /app/images/icon-home.png HTTP/1.1" 200 26807
119.23.169.204 - - [30/Jun/2017:09:23:51 +0800] "POST /wx/init.do HTTP/1.1" 200 53
119.23.169.215 - - [30/Jun/2017:09:23:51 +0800] "POST /tenant/getImageTextListByTenant HTTP/1.1" 200 2167
140.205.9.9 - - [30/Jun/2017:09:23:51 +0800] "POST /product/searchProductModelsByTenantGroup HTTP/1.1" 200 30855
119.23.169.215 - - [30/Jun/2017:09:23:51 +0800] "POST /tenant/getTenantPraiseListByTenant HTTP/1.1" 200 26052
140.205.9.9 - - [30/Jun/2017:09:23:57 +0800] "POST /product/searchProductModelsByTenantGroup HTTP/1.1" 200 30855
140.205.9.9 - - [30/Jun/2017:09:24:03 +0800] "POST /product/searchProductModelsByTenantGroup HTTP/1.1" 200 24092
140.205.9.20 - - [30/Jun/2017:09:24:11 +0800] "GET /app/index.html HTTP/1.1" 200 4330
119.23.169.205 - - [30/Jun/2017:09:24:11 +0800] "GET /app/uploads/ad1.jpg HTTP/1.1" 200 51435
140.205.9.12 - - [30/Jun/2017:09:24:11 +0800] "GET /app/uploads/668284120090350147.jpg HTTP/1.1" 200 135749
140.205.9.7 - - [30/Jun/2017:09:24:11 +0800] "POST /user/getCurrentUser HTTP/1.1" 200 419
140.205.9.6 - - [30/Jun/2017:09:24:11 +0800] "POST /tenant/getRecommendList HTTP/1.1" 200 1256
140.205.9.15 - - [30/Jun/2017:09:24:11 +0800] "POST /wx/init.do HTTP/1.1" 200 53
101.200.103.24 - - [30/Jun/2017:09:24:31 +0800] "GET /order/giftBuy/ighp0guo3hxdasil/1 HTTP/1.1" 302 -
123.57.117.67 - - [30/Jun/2017:09:24:32 +0800] "GET /login HTTP/1.1" 200 14834
123.57.117.72 - - [30/Jun/2017:09:24:46 +0800] "GET /app/index.html HTTP/1.1" 200 4330
101.200.103.15 - - [30/Jun/2017:09:24:50 +0800] "GET /app/tenant_details.html?tenantId=it2bfztx1he2dohv&title=%E5%A7%9A%E6%83%A0%E8%8A%AC%E8%89%BA%E6%9C%AF%E9%A6%86 HTTP/1.1" 200 13570
101.200.101.204 - - [30/Jun/2017:09:24:55 +0800] "GET /app/common/js/common.js HTTP/1.1" 304 -
101.200.103.6 - - [30/Jun/2017:09:25:34 +0800] "GET /app/common/js/util.js HTTP/1.1" 304 -
101.200.103.36 - - [30/Jun/2017:09:25:43 +0800] "GET /app/common/js/weixin.js HTTP/1.1" 304 -
221.193.241.36 - - [30/Jun/2017:09:25:52 +0800] "GET /muieblackcat HTTP/1.1" 404 1018
221.193.241.36 - - [30/Jun/2017:09:25:52 +0800] "GET //phpMyAdmin/scripts/setup.php HTTP/1.1" 404 1052
221.193.241.36 - - [30/Jun/2017:09:25:52 +0800] "GET //phpmyadmin/scripts/setup.php HTTP/1.1" 404 1052
221.193.241.36 - - [30/Jun/2017:09:25:52 +0800] "GET //pma/scripts/setup.php HTTP/1.1" 404 1038
221.193.241.36 - - [30/Jun/2017:09:25:52 +0800] "GET //myadmin/scripts/setup.php HTTP/1.1" 404 1046
221.193.241.36 - - [30/Jun/2017:09:25:52 +0800] "GET //MyAdmin/scripts/setup.php HTTP/1.1" 404 1046
221.193.241.36 - - [30/Jun/2017:09:25:55 +0800] "GET /muieblackcat HTTP/1.1" 404 1018
221.193.241.36 - - [30/Jun/2017:09:25:55 +0800] "GET //phpMyAdmin/scripts/setup.php HTTP/1.1" 404 1052
221.193.241.36 - - [30/Jun/2017:09:25:55 +0800] "GET //phpmyadmin/scripts/setup.php HTTP/1.1" 404 1052
221.193.241.36 - - [30/Jun/2017:09:25:55 +0800] "GET //pma/scripts/setup.php HTTP/1.1" 404 1038
221.193.241.36 - - [30/Jun/2017:09:25:55 +0800] "GET //myadmin/scripts/setup.php HTTP/1.1" 404 1046
221.193.241.36 - - [30/Jun/2017:09:25:55 +0800] "GET //MyAdmin/scripts/setup.php HTTP/1.1" 404 1046
123.57.117.73 - - [30/Jun/2017:09:27:46 +0800] "GET /product/productModel/istt2inm7ljy657j HTTP/1.1" 200 41778
101.200.101.218 - - [30/Jun/2017:09:30:01 +0800] "GET /cart/addProduct.do?id=isttmbux2dyo7j8m&amount=1&redirect=/product/productModel/isttmbux2dyo7j8m HTTP/1.1" 200 25648
101.200.101.201 - - [30/Jun/2017:09:30:25 +0800] "GET /tenant/ish7ui6p84n40edc?sort=desc:popularityAmount HTTP/1.1" 200 30891
101.200.101.217 - - [30/Jun/2017:09:30:52 +0800] "GET /wp-login.php HTTP/1.1" 404 1018
123.57.117.74 - - [30/Jun/2017:09:30:53 +0800] "GET / HTTP/1.1" 200 46096
123.57.117.83 - - [30/Jun/2017:09:30:59 +0800] "GET /favicon.ico HTTP/1.1" 404 1016
101.200.101.211 - - [30/Jun/2017:09:31:01 +0800] "GET /product/list/ip3rqn8p91qpc4m8?sort=desc:product.createDateTime&pageEntity.index=1 HTTP/1.1" 200 28350
123.57.117.83 - - [30/Jun/2017:09:31:25 +0800] "GET /cart/cartAmount.do HTTP/1.1" 200 13
66.249.65.95 - - [30/Jun/2017:09:32:52 +0800] "GET /order/giftBuy/igx0o2822prt24h3/ HTTP/1.1" 302 -
66.249.65.94 - - [30/Jun/2017:09:32:54 +0800] "GET /login HTTP/1.1" 200 29797
123.57.117.70 - - [30/Jun/2017:09:34:15 +0800] "GET /order/easyBuy/ij0zxb6u2cc0yizv?amount=1 HTTP/1.1" 302 -
123.57.117.67 - - [30/Jun/2017:09:34:15 +0800] "GET /login HTTP/1.1" 200 14834
101.200.101.206 - - [30/Jun/2017:09:36:26 +0800] "GET /favicon.ico HTTP/1.1" 404 1016
101.200.103.2 - - [30/Jun/2017:09:37:30 +0800] "GET /product/list/ifz7arpt267uhxsw?sort=&pageEntity.size=12&pageEntity.index=1 HTTP/1.1" 200 19851
140.205.9.12 - - [30/Jun/2017:09:37:51 +0800] "GET / HTTP/1.1" 200 46096
140.205.9.18 - - [30/Jun/2017:09:38:13 +0800] "GET /app/tenant_details.html?tenantId=iugd2v0v7mbwxumv&title=%E5%89%8D%E9%97%A8%E5%8D%8E%E9%9F%B5%C2%B7%E9%9D%9E%E9%81%97%E4%BD%93%E9%AA%8C%E4%B8%AD%E5%BF%83 HTTP/1.1" 200 13570
119.23.169.204 - - [30/Jun/2017:09:38:14 +0800] "GET /app/guide/css/layouts.css HTTP/1.1" 304 -
119.23.169.204 - - [30/Jun/2017:09:38:14 +0800] "GET /app/common/js/util.js HTTP/1.1" 304 -
119.23.169.204 - - [30/Jun/2017:09:38:14 +0800] "GET /app/common/js/weixin.js HTTP/1.1" 304 -
140.205.9.8 - - [30/Jun/2017:09:38:14 +0800] "GET /app/guide/js/model.js HTTP/1.1" 304 -
140.205.9.5 - - [30/Jun/2017:09:38:14 +0800] "GET /app/common/js/common.js HTTP/1.1" 304 -
140.205.9.1 - - [30/Jun/2017:09:38:14 +0800] "GET /app/guide/js/controller.js HTTP/1.1" 304 -
140.205.9.12 - - [30/Jun/2017:09:38:14 +0800] "GET / HTTP/1.1" 200 46096
140.205.9.7 - - [30/Jun/2017:09:38:14 +0800] "POST /user/getCurrentUser HTTP/1.1" 200 419
119.23.169.217 - - [30/Jun/2017:09:38:14 +0800] "GET /app/images/icon-home-wechat.png HTTP/1.1" 200 15618
140.205.9.12 - - [30/Jun/2017:09:38:14 +0800] "GET / HTTP/1.1" 200 46096
119.23.169.213 - - [30/Jun/2017:09:38:14 +0800] "POST /product/getTenantGroup HTTP/1.1" 200 529
119.23.169.202 - - [30/Jun/2017:09:38:14 +0800] "POST /tenant/getTenantById HTTP/1.1" 200 2216
140.205.9.2 - - [30/Jun/2017:09:38:14 +0800] "GET /app/images/icon.png HTTP/1.1" 200 22724
140.205.9.5 - - [30/Jun/2017:09:38:15 +0800] "POST /tenant/getImageTextListByTenant HTTP/1.1" 200 2167
119.23.169.204 - - [30/Jun/2017:09:38:15 +0800] "POST /wx/init.do HTTP/1.1" 200 53
119.23.169.212 - - [30/Jun/2017:09:38:15 +0800] "POST /product/searchProductModelsByTenantGroup HTTP/1.1" 200 30855
140.205.9.5 - - [30/Jun/2017:09:38:15 +0800] "GET /app/images/icon-home.png HTTP/1.1" 200 26807
140.205.9.12 - - [30/Jun/2017:09:38:15 +0800] "POST /tenant/getTenantPraiseListByTenant HTTP/1.1" 200 26052
119.23.169.212 - - [30/Jun/2017:09:38:25 +0800] "POST /product/searchProductModelsByTenantGroup HTTP/1.1" 200 30855
140.205.9.9 - - [30/Jun/2017:09:38:30 +0800] "POST /product/searchProductModelsByTenantGroup HTTP/1.1" 200 30855
140.205.9.9 - - [30/Jun/2017:09:38:35 +0800] "POST /product/searchProductModelsByTenantGroup HTTP/1.1" 200 30855
216.244.66.240 - - [30/Jun/2017:09:38:35 +0800] "GET /robots.txt HTTP/1.1" 404 1014
140.205.9.9 - - [30/Jun/2017:09:38:38 +0800] "POST /product/searchProductModelsByTenantGroup HTTP/1.1" 200 30855
140.205.9.9 - - [30/Jun/2017:09:38:42 +0800] "POST /product/searchProductModelsByTenantGroup HTTP/1.1" 200 30915
140.205.9.9 - - [30/Jun/2017:09:38:46 +0800] "POST /product/searchProductModelsByTenantGroup HTTP/1.1" 200 30281
119.23.169.212 - - [30/Jun/2017:09:38:49 +0800] "POST /product/searchProductModelsByTenantGroup HTTP/1.1" 200 29008
119.23.169.212 - - [30/Jun/2017:09:39:02 +0800] "POST /product/searchProductModelsByTenantGroup HTTP/1.1" 200 29012
140.205.9.9 - - [30/Jun/2017:09:39:14 +0800] "POST /product/searchProductModelsByTenantGroup HTTP/1.1" 200 28973
119.23.169.212 - - [30/Jun/2017:09:39:20 +0800] "POST /product/searchProductModelsByTenantGroup HTTP/1.1" 200 28985
119.23.169.212 - - [30/Jun/2017:09:39:28 +0800] "POST /product/searchProductModelsByTenantGroup HTTP/1.1" 200 28885
140.205.9.9 - - [30/Jun/2017:09:39:34 +0800] "POST /product/searchProductModelsByTenantGroup HTTP/1.1" 200 28197
119.23.169.212 - - [30/Jun/2017:09:39:42 +0800] "POST /product/searchProductModelsByTenantGroup HTTP/1.1" 200 27285
66.249.65.95 - - [30/Jun/2017:09:39:45 +0800] "GET /product/productModel/ief3o0ya1x9w43c2 HTTP/1.1" 200 41411
140.205.9.9 - - [30/Jun/2017:09:39:55 +0800] "POST /product/searchProductModelsByTenantGroup HTTP/1.1" 200 24582
119.23.169.212 - - [30/Jun/2017:09:40:01 +0800] "POST /product/searchProductModelsByTenantGroup HTTP/1.1" 200 24043
119.23.169.212 - - [30/Jun/2017:09:40:06 +0800] "GET /app/product_details.html?productId=iwdavmcihg30q65g&title=%E7%9A%87%E7%AA%91-%E6%89%8B%E7%BB%98%E4%BB%BF%E5%8F%A4%E7%93%B7 HTTP/1.1" 200 7561
140.205.9.7 - - [30/Jun/2017:09:40:07 +0800] "POST /user/getCurrentUser HTTP/1.1" 200 419
140.205.9.15 - - [30/Jun/2017:09:40:07 +0800] "POST /wx/init.do HTTP/1.1" 200 53
119.23.169.217 - - [30/Jun/2017:09:40:07 +0800] "GET /app/images/icon-home-wechat.png HTTP/1.1" 200 15618
119.23.169.209 - - [30/Jun/2017:09:40:07 +0800] "POST /product/getProductModelById HTTP/1.1" 200 4011
140.205.9.4 - - [30/Jun/2017:09:40:07 +0800] "POST /product/getColumnListByProductModel HTTP/1.1" 200 140
119.23.169.205 - - [30/Jun/2017:09:40:07 +0800] "GET /app/images/icon.png HTTP/1.1" 200 22724
119.23.169.214 - - [30/Jun/2017:09:40:07 +0800] "GET /app/images/icon-home.png HTTP/1.1" 200 26807
119.23.169.217 - - [30/Jun/2017:09:40:08 +0800] "GET /app/images/play.gif HTTP/1.1" 200 1888
140.205.9.17 - - [30/Jun/2017:09:40:08 +0800] "GET /app/images/icon_tenant.png HTTP/1.1" 200 6674
119.23.169.213 - - [30/Jun/2017:09:40:13 +0800] "GET /app/tenant_details.html?tenantId=iugd2v0v7mbwxumv&title=%E5%89%8D%E9%97%A8%E5%8D%8E%E9%9F%B5%C2%B7%E9%9D%9E%E9%81%97%E4%BD%93%E9%AA%8C%E4%B8%AD%E5%BF%83 HTTP/1.1" 200 13570
119.23.169.217 - - [30/Jun/2017:09:40:14 +0800] "GET /app/images/icon-home-wechat.png HTTP/1.1" 200 15618
140.205.9.7 - - [30/Jun/2017:09:40:14 +0800] "POST /user/getCurrentUser HTTP/1.1" 200 419
119.23.169.213 - - [30/Jun/2017:09:40:14 +0800] "POST /product/getTenantGroup HTTP/1.1" 200 529
119.23.169.205 - - [30/Jun/2017:09:40:14 +0800] "GET /app/images/icon.png HTTP/1.1" 200 22724
119.23.169.214 - - [30/Jun/2017:09:40:14 +0800] "GET /app/images/icon-home.png HTTP/1.1" 200 26807
140.205.9.18 - - [30/Jun/2017:09:40:14 +0800] "POST /tenant/getTenantById HTTP/1.1" 200 2216
140.205.9.5 - - [30/Jun/2017:09:40:14 +0800] "POST /tenant/getImageTextListByTenant HTTP/1.1" 200 2167
140.205.9.15 - - [30/Jun/2017:09:40:14 +0800] "POST /wx/init.do HTTP/1.1" 200 53
119.23.169.212 - - [30/Jun/2017:09:40:14 +0800] "POST /product/searchProductModelsByTenantGroup HTTP/1.1" 200 30855
119.23.169.215 - - [30/Jun/2017:09:40:14 +0800] "POST /tenant/getTenantPraiseListByTenant HTTP/1.1" 200 26052
101.200.101.202 - - [30/Jun/2017:09:40:16 +0800] "GET /app/product_details.html?productId=iwdavmcihg30q65g&title=%E7%9A%87%E7%AA%91-%E6%89%8B%E7%BB%98%E4%BB%BF%E5%8F%A4%E7%93%B7 HTTP/1.1" 200 7561
101.200.103.34 - - [30/Jun/2017:09:40:16 +0800] "GET /app/common/js/common.js HTTP/1.1" 304 -
119.23.169.212 - - [30/Jun/2017:09:40:18 +0800] "POST /product/searchProductModelsByTenantGroup HTTP/1.1" 200 30855
101.200.101.202 - - [30/Jun/2017:09:40:18 +0800] "GET /app/common/js/util.js HTTP/1.1" 304 -
123.57.117.78 - - [30/Jun/2017:09:40:18 +0800] "GET /app/common/js/weixin.js HTTP/1.1" 304 -
101.200.103.57 - - [30/Jun/2017:09:40:18 +0800] "GET /app/guide/js/controller.js HTTP/1.1" 304 -
101.200.101.218 - - [30/Jun/2017:09:40:19 +0800] "GET /app/guide/js/model.js HTTP/1.1" 304 -
119.23.169.212 - - [30/Jun/2017:09:40:20 +0800] "POST /product/searchProductModelsByTenantGroup HTTP/1.1" 200 30855
119.23.169.212 - - [30/Jun/2017:09:40:25 +0800] "POST /product/searchProductModelsByTenantGroup HTTP/1.1" 200 24118
140.205.9.9 - - [30/Jun/2017:09:40:29 +0800] "POST /product/searchProductModelsByTenantGroup HTTP/1.1" 200 24100
101.200.103.47 - - [30/Jun/2017:09:40:33 +0800] "GET /favicon.ico HTTP/1.1" 404 1016
140.205.9.9 - - [30/Jun/2017:09:40:34 +0800] "POST /product/searchProductModelsByTenantGroup HTTP/1.1" 200 23777
119.23.169.212 - - [30/Jun/2017:09:40:38 +0800] "POST /product/searchProductModelsByTenantGroup HTTP/1.1" 200 32955
140.205.9.9 - - [30/Jun/2017:09:40:43 +0800] "POST /product/searchProductModelsByTenantGroup HTTP/1.1" 200 32994
101.200.103.15 - - [30/Jun/2017:09:40:44 +0800] "GET /order/giftBuy/ilal6m3330i9rgk3/ HTTP/1.1" 302 -
101.200.101.216 - - [30/Jun/2017:09:40:45 +0800] "GET /login HTTP/1.1" 200 14834
140.205.9.18 - - [30/Jun/2017:09:41:18 +0800] "GET /app/search.html?name=%E7%AB%B9%E5%99%A8 HTTP/1.1" 200 9470
140.205.9.2 - - [30/Jun/2017:09:41:18 +0800] "GET /app/images/icon.png HTTP/1.1" 200 22724
119.23.169.218 - - [30/Jun/2017:09:41:18 +0800] "POST /product/getProductCategory HTTP/1.1" 200 1731
140.205.9.7 - - [30/Jun/2017:09:41:18 +0800] "POST /user/getCurrentUser HTTP/1.1" 200 419
119.23.169.202 - - [30/Jun/2017:09:41:18 +0800] "POST /product/searchProductModels HTTP/1.1" 200 121
119.23.169.204 - - [30/Jun/2017:09:41:19 +0800] "POST /wx/init.do HTTP/1.1" 200 53
123.57.117.74 - - [30/Jun/2017:09:41:50 +0800] "GET /app/product_details.html?productId=iwdavmcihg30q65g&title=%E7%9A%87%E7%AA%91-%E6%89%8B%E7%BB%98%E4%BB%BF%E5%8F%A4%E7%93%B7 HTTP/1.1" 200 7561
123.57.117.70 - - [30/Jun/2017:09:41:59 +0800] "GET /app/common/js/common.js HTTP/1.1" 304 -
85.93.91.84 - - [30/Jun/2017:09:43:19 +0800] "GET /product/hot/ih5zibpm36e9koe1 HTTP/1.0" 200 32560
123.57.117.74 - - [30/Jun/2017:09:43:47 +0800] "GET / HTTP/1.1" 200 46096
101.200.101.209 - - [30/Jun/2017:09:43:47 +0800] "GET /scripts/images/favicon.ico HTTP/1.1" 200 4299
123.57.117.74 - - [30/Jun/2017:09:43:47 +0800] "GET / HTTP/1.1" 200 26148
123.57.117.80 - - [30/Jun/2017:09:43:48 +0800] "GET /assets/i/app-icon72x72@2x.png HTTP/1.1" 404 1052
101.200.101.217 - - [30/Jun/2017:09:43:48 +0800] "GET /apple-touch-icon-precomposed.png HTTP/1.1" 404 1058
123.57.117.82 - - [30/Jun/2017:09:43:48 +0800] "GET /apple-touch-icon.png HTTP/1.1" 404 1034
101.200.101.206 - - [30/Jun/2017:09:43:48 +0800] "GET /assets/i/app-icon72x72@2x.png HTTP/1.1" 404 1052
123.57.117.69 - - [30/Jun/2017:09:43:48 +0800] "GET /assets/i/favicon.png HTTP/1.1" 404 1034
101.200.101.206 - - [30/Jun/2017:09:43:48 +0800] "GET /favicon.ico HTTP/1.1" 404 1016
101.200.101.216 - - [30/Jun/2017:09:43:59 +0800] "GET /order/giftBuy/ik3cnmqnhdtjpu7v/1 HTTP/1.1" 302 -
123.57.117.67 - - [30/Jun/2017:09:43:59 +0800] "GET /login HTTP/1.1" 200 14834
123.57.117.83 - - [30/Jun/2017:09:44:24 +0800] "GET /favicon.ico HTTP/1.1" 404 1016
66.249.65.93 - - [30/Jun/2017:09:44:56 +0800] "GET /document/helpCenter?group=ec.rzzx HTTP/1.1" 200 27620
66.249.65.93 - - [30/Jun/2017:09:45:30 +0800] "GET /product/productModel/isjxzy1s2cz1j5gw HTTP/1.1" 200 44692
123.57.117.77 - - [30/Jun/2017:09:46:08 +0800] "GET /product/list/iqrfgt75ewht3diq HTTP/1.1" 200 33618
101.200.101.216 - - [30/Jun/2017:09:46:32 +0800] "GET /product/list/ih5ycesr2c7tzq1d HTTP/1.1" 200 35138
101.200.103.33 - - [30/Jun/2017:09:46:35 +0800] "GET /product/list/ichkxgko0000fkeu HTTP/1.1" 200 35341
123.57.117.83 - - [30/Jun/2017:09:46:58 +0800] "GET /product/list/ikxsk8u931ruxwvf HTTP/1.1" 200 32787
66.249.65.94 - - [30/Jun/2017:09:47:06 +0800] "GET /cart/cartAmount.do HTTP/1.1" 200 13
101.200.103.22 - - [30/Jun/2017:09:47:13 +0800] "GET /order/easyBuy/il7qd7em8n7k6mfc?amount=1 HTTP/1.1" 302 -
123.57.117.66 - - [30/Jun/2017:09:47:14 +0800] "GET /document/helpCenter?group=ec.aqjyssm HTTP/1.1" 200 28082
123.57.117.67 - - [30/Jun/2017:09:47:14 +0800] "GET /login HTTP/1.1" 200 14834
123.57.117.76 - - [30/Jun/2017:09:47:31 +0800] "GET /project/list/idzi58opd4r51iza HTTP/1.1" 200 66555
66.249.73.220 - - [30/Jun/2017:09:47:52 +0800] "GET /product/productModel/iii9ler32nim5h24 HTTP/1.1" 200 39039
106.11.157.114 - - [30/Jun/2017:09:48:56 +0800] "GET /product/list/ichkxgko0000fkeu?pageEntity.index=2&pageEntity.size=12&sort= HTTP/1.1" 200 30880
101.200.101.205 - - [30/Jun/2017:09:49:07 +0800] "GET /product/list/ichlcb4400009jug HTTP/1.1" 200 33881
101.200.103.43 - - [30/Jun/2017:09:50:02 +0800] "GET /document/helpCenter?group=ec.shzc HTTP/1.1" 200 27708
101.200.103.9 - - [30/Jun/2017:09:50:28 +0800] "GET /order/giftBuy/ijxn9fzt8r1cnrob/ HTTP/1.1" 302 -
101.200.101.216 - - [30/Jun/2017:09:50:29 +0800] "GET /login HTTP/1.1" 200 14834
101.200.101.212 - - [30/Jun/2017:09:50:51 +0800] "GET /order/easyBuy/imzvig9z2kb5lmaz?amount=1 HTTP/1.1" 302 -
101.200.28.166 - - [30/Jun/2017:09:50:51 +0800] "GET /login HTTP/1.1" 200 29797
123.125.71.41 - - [30/Jun/2017:09:50:57 +0800] "GET / HTTP/1.1" 200 64036
66.249.73.220 - - [30/Jun/2017:09:51:03 +0800] "GET /order/easyBuy/iii9ler32nim5h24?amount=1 HTTP/1.1" 302 -
66.249.73.221 - - [30/Jun/2017:09:51:04 +0800] "GET /login HTTP/1.1" 200 29797
101.200.101.213 - - [30/Jun/2017:09:51:29 +0800] "GET /product/productModel/ig7kl5sy7gstlxkq HTTP/1.1" 200 41921
123.57.117.81 - - [30/Jun/2017:09:51:39 +0800] "GET /product/productModel/igag6f9f25x06i9v HTTP/1.1" 200 44001
101.200.101.204 - - [30/Jun/2017:09:51:49 +0800] "GET /product/productModel/ijy0eh1u19i52o9c HTTP/1.1" 200 41942
123.57.117.83 - - [30/Jun/2017:09:51:59 +0800] "GET /product/productModel/ijl6mrro89d20aaf HTTP/1.1" 200 41174
101.200.101.217 - - [30/Jun/2017:09:52:09 +0800] "GET /product/productModel/ijl74elr21z8oha7 HTTP/1.1" 200 40964
123.57.117.78 - - [30/Jun/2017:09:52:19 +0800] "GET /product/productModel/ijph59vd37wanlua HTTP/1.1" 200 45155
101.200.103.58 - - [30/Jun/2017:09:52:33 +0800] "GET /product/productModel/ijtila3rh2cbqkpc HTTP/1.1" 200 43699
123.57.117.75 - - [30/Jun/2017:09:52:43 +0800] "GET /product/productModel/ijphczzu526v0sxr HTTP/1.1" 200 44058
101.200.103.11 - - [30/Jun/2017:09:52:53 +0800] "GET /product/productModel/ijti9fpgpp1ifxuf HTTP/1.1" 200 43699
101.200.103.23 - - [30/Jun/2017:09:53:03 +0800] "GET /product/productModel/ijpgkavo2wf8y97e HTTP/1.1" 200 43267
123.57.117.65 - - [30/Jun/2017:09:53:13 +0800] "GET /tenant/igbzpe1o28k33hq6?conditions=&sort=&pageEntity.size=12&pageEntity.index=1 HTTP/1.1" 200 36139
101.200.103.64 - - [30/Jun/2017:09:53:23 +0800] "GET /tenant/ihiouxkq6pujqr3s?conditions=&sort=&pageEntity.size=12&pageEntity.index=3 HTTP/1.1" 200 27503
101.200.103.44 - - [30/Jun/2017:09:53:35 +0800] "GET /tenant/ihbr9uer3qsbz8kp?conditions=&sort=desc:price&pageEntity.size=12&pageEntity.index=1 HTTP/1.1" 200 31564
101.226.61.181 - - [30/Jun/2017:09:53:40 +0800] "GET / HTTP/1.1" 302 -
101.226.61.181 - - [30/Jun/2017:09:53:40 +0800] "GET /order/myEfeiyi/list.do HTTP/1.1" 302 -
140.207.54.197 - - [30/Jun/2017:09:53:40 +0800] "GET / HTTP/1.1" 302 -
101.226.61.181 - - [30/Jun/2017:09:53:40 +0800] "GET /login HTTP/1.1" 200 14300
140.207.62.163 - - [30/Jun/2017:09:53:40 +0800] "GET / HTTP/1.1" 302 -
114.230.92.141 - - [30/Jun/2017:09:53:40 +0800] "GET /scripts/wap/css/signon.css HTTP/1.1" 200 4592
114.230.92.141 - - [30/Jun/2017:09:53:40 +0800] "GET /scripts/wap/css/app2.css HTTP/1.1" 200 28227
140.207.185.126 - - [30/Jun/2017:09:53:40 +0800] "GET / HTTP/1.1" 302 -
140.207.185.126 - - [30/Jun/2017:09:53:40 +0800] "GET / HTTP/1.1" 302 -
101.226.61.181 - - [30/Jun/2017:09:53:40 +0800] "GET /scripts/js/ef.util.js HTTP/1.1" 200 577
101.226.61.181 - - [30/Jun/2017:09:53:40 +0800] "GET /resources/js/alert.js HTTP/1.1" 200 4249
140.207.54.198 - - [30/Jun/2017:09:53:40 +0800] "GET / HTTP/1.1" 302 -
117.185.27.146 - - [30/Jun/2017:09:53:40 +0800] "GET / HTTP/1.1" 302 -
101.226.61.181 - - [30/Jun/2017:09:53:40 +0800] "GET /resources/jquery/jquery-1.11.1.min.js HTTP/1.1" 200 138505
101.226.61.181 - - [30/Jun/2017:09:53:41 +0800] "GET /resources/jquery/jquery.min.js HTTP/1.1" 200 84347
114.230.92.141 - - [30/Jun/2017:09:53:41 +0800] "GET /scripts/wap/css/app.css HTTP/1.1" 200 50783
114.230.92.141 - - [30/Jun/2017:09:53:41 +0800] "GET /scripts/wap/css/myorder.css HTTP/1.1" 200 83009
114.230.92.141 - - [30/Jun/2017:09:53:41 +0800] "GET /resources/assets/css/amazeui.min.css HTTP/1.1" 200 263698
114.230.92.141 - - [30/Jun/2017:09:53:41 +0800] "GET /scripts/images/icon-wechat.png HTTP/1.1" 200 19744
101.226.61.181 - - [30/Jun/2017:09:53:41 +0800] "GET /scripts/wap/js/system.js HTTP/1.1" 200 13629
101.226.61.181 - - [30/Jun/2017:09:53:41 +0800] "GET /resources/assets/js/amazeui.min.js HTTP/1.1" 200 212387
114.230.92.141 - - [30/Jun/2017:09:53:41 +0800] "GET /scripts/wap/images/icon.png HTTP/1.1" 200 23315
114.230.92.141 - - [30/Jun/2017:09:53:41 +0800] "GET /scripts/wap/images/icon-footer.png HTTP/1.1" 200 72612
101.226.61.181 - - [30/Jun/2017:09:53:42 +0800] "POST /login HTTP/1.1" 200 14300
123.57.117.66 - - [30/Jun/2017:09:53:43 +0800] "GET /product/list/ij74ygkw229zfhe0?sort=desc:product.createDateTime&pageEntity.index=1 HTTP/1.1" 200 11361
123.57.117.81 - - [30/Jun/2017:09:53:45 +0800] "GET /tenant/ihbr9uer3qsbz8kp?conditions=&sort=desc:product.createDateTime&pageEntity.size=12&pageEntity.index=1 HTTP/1.1" 200 31564
117.135.173.56 - - [30/Jun/2017:09:53:50 +0800] "GET / HTTP/1.1" 302 -
117.135.170.67 - - [30/Jun/2017:09:53:51 +0800] "GET / HTTP/1.1" 302 -
123.57.117.74 - - [30/Jun/2017:09:53:55 +0800] "GET /tenant/ihiouxkq6pujqr3s?conditions=&sort=&pageEntity.size=12&pageEntity.index=2 HTTP/1.1" 200 28165
123.57.117.67 - - [30/Jun/2017:09:53:58 +0800] "GET /document/aboutUs?group=ec.cpyc HTTP/1.1" 200 51237
123.57.117.76 - - [30/Jun/2017:09:54:07 +0800] "GET /tenant/ihiouxkq6pujqr3s?sort=asc:price HTTP/1.1" 200 35807
123.57.117.70 - - [30/Jun/2017:09:54:17 +0800] "GET /tenant/ij3xv454d08wth88?conditions=&sort=desc:product.createDateTime&pageEntity.size=12&pageEntity.index=5 HTTP/1.1" 200 29348
101.200.103.60 - - [30/Jun/2017:09:54:27 +0800] "GET /tenant/ij3xv454d08wth88?conditions=&sort=&pageEntity.size=12&pageEntity.index=5 HTTP/1.1" 200 29240
123.57.117.83 - - [30/Jun/2017:09:54:28 +0800] "GET /favicon.ico HTTP/1.1" 404 1016
101.200.103.58 - - [30/Jun/2017:09:54:39 +0800] "GET /product/hot/igdh7vsn2d0mlqn7 HTTP/1.1" 200 36092
101.200.101.212 - - [30/Jun/2017:09:54:49 +0800] "GET /product/hot/ih1q1wfj7cyepc69 HTTP/1.1" 200 35565
101.200.103.49 - - [30/Jun/2017:09:54:55 +0800] "GET / HTTP/1.1" 200 46096
123.57.117.77 - - [30/Jun/2017:09:54:59 +0800] "GET /product/list/ij6tr9082c2swpzd?sort=desc:saleAmount&pageEntity.index=1 HTTP/1.1" 200 34718
123.57.117.78 - - [30/Jun/2017:09:56:10 +0800] "GET /product/list/j206dgjh27wxvog9 HTTP/1.1" 200 27959
66.249.65.94 - - [30/Jun/2017:09:56:54 +0800] "GET /tenant/ish7ui6p84n40edc?sort=desc:saleAmount HTTP/1.1" 200 30891
101.200.101.214 - - [30/Jun/2017:09:56:57 +0800] "GET / HTTP/1.1" 200 26148
101.200.103.18 - - [30/Jun/2017:09:56:57 +0800] "GET /order/giftBuy/ij0v0yw61cefokek/ HTTP/1.1" 302 -
101.200.28.153 - - [30/Jun/2017:09:56:57 +0800] "GET / HTTP/1.1" 200 46096
101.200.103.64 - - [30/Jun/2017:09:56:57 +0800] "GET /resources/jquery/jquery.min.js HTTP/1.1" 304 -
101.200.103.14 - - [30/Jun/2017:09:56:57 +0800] "GET /resources/jquery/jquery-1.11.1.min.js HTTP/1.1" 304 -
101.200.101.210 - - [30/Jun/2017:09:56:57 +0800] "GET /resources/js/alert.js HTTP/1.1" 304 -
101.200.101.210 - - [30/Jun/2017:09:56:57 +0800] "GET /scripts/wap/css/home.css?t=20160413 HTTP/1.1" 304 -
101.200.103.19 - - [30/Jun/2017:09:56:57 +0800] "GET /scripts/js/ef.util.js HTTP/1.1" 304 -
101.200.103.23 - - [30/Jun/2017:09:56:57 +0800] "GET /scripts/wap/css/amazeui.min.css HTTP/1.1" 304 -
123.57.117.67 - - [30/Jun/2017:09:56:57 +0800] "GET /login HTTP/1.1" 200 14834
101.200.103.43 - - [30/Jun/2017:09:56:58 +0800] "GET /scripts/wap/js/system.js HTTP/1.1" 304 -
123.57.117.71 - - [30/Jun/2017:09:56:58 +0800] "GET /resources/assets/js/amazeui.min.js HTTP/1.1" 304 -
101.200.101.211 - - [30/Jun/2017:09:56:58 +0800] "GET /scripts/wap/fonts/fontawesome-webfont.woff2?v=4.3.0 HTTP/1.1" 404 992
101.200.103.19 - - [30/Jun/2017:09:56:58 +0800] "GET /scripts/wap/images/icon-home.png HTTP/1.1" 200 26807
123.57.117.84 - - [30/Jun/2017:09:56:58 +0800] "GET /scripts/wap/fonts/fontawesome-webfont.woff?v=4.3.0 HTTP/1.1" 404 992
123.57.117.74 - - [30/Jun/2017:09:56:58 +0800] "GET /scripts/wap/images/home-cpb1.png HTTP/1.1" 200 12346
101.200.101.206 - - [30/Jun/2017:09:56:58 +0800] "GET /scripts/wap/fonts/fontawesome-webfont.ttf?v=4.3.0 HTTP/1.1" 404 992
123.57.117.83 - - [30/Jun/2017:09:56:59 +0800] "POST /cart/cartAmount.do HTTP/1.1" 200 13
123.57.117.81 - - [30/Jun/2017:09:56:59 +0800] "GET /scripts/wap/images/home-cpb2.png HTTP/1.1" 200 14483
101.200.103.52 - - [30/Jun/2017:09:56:59 +0800] "GET /scripts/images/icon-home-wechat.png HTTP/1.1" 200 15618
140.205.9.12 - - [30/Jun/2017:09:57:07 +0800] "GET / HTTP/1.1" 200 46096
101.200.101.214 - - [30/Jun/2017:09:57:15 +0800] "GET / HTTP/1.1" 200 26148
101.200.101.211 - - [30/Jun/2017:09:57:16 +0800] "GET /scripts/wap/fonts/fontawesome-webfont.woff2?v=4.3.0 HTTP/1.1" 404 992
101.200.101.216 - - [30/Jun/2017:09:57:16 +0800] "GET /scripts/wap/fonts/fontawesome-webfont.woff?v=4.3.0 HTTP/1.1" 404 992
101.200.101.201 - - [30/Jun/2017:09:57:16 +0800] "POST /cart/cartAmount.do HTTP/1.1" 200 13
123.57.117.67 - - [30/Jun/2017:09:57:17 +0800] "GET /scripts/wap/fonts/fontawesome-webfont.ttf?v=4.3.0 HTTP/1.1" 404 992
101.200.101.214 - - [30/Jun/2017:09:57:32 +0800] "GET / HTTP/1.1" 200 26148
101.200.101.211 - - [30/Jun/2017:09:57:32 +0800] "GET /scripts/wap/fonts/fontawesome-webfont.woff2?v=4.3.0 HTTP/1.1" 404 992
101.200.103.45 - - [30/Jun/2017:09:57:32 +0800] "GET /scripts/wap/fonts/fontawesome-webfont.woff?v=4.3.0 HTTP/1.1" 404 992
101.200.101.201 - - [30/Jun/2017:09:57:33 +0800] "POST /cart/cartAmount.do HTTP/1.1" 200 13
101.200.103.14 - - [30/Jun/2017:09:57:33 +0800] "GET /scripts/wap/fonts/fontawesome-webfont.ttf?v=4.3.0 HTTP/1.1" 404 992
101.226.61.181 - - [30/Jun/2017:09:58:17 +0800] "GET /minglu/project/iu2hhkzj5v4z34wj HTTP/1.1" 200 8233
114.230.92.141 - - [30/Jun/2017:09:58:17 +0800] "GET /scripts/assets/wap/css/layout.css HTTP/1.1" 200 952
114.230.92.141 - - [30/Jun/2017:09:58:17 +0800] "GET /scripts/assets/wap/css/craft.css HTTP/1.1" 200 5062
101.226.61.181 - - [30/Jun/2017:09:58:17 +0800] "GET /resources/jquery/jquery.min.js HTTP/1.1" 200 84347
114.230.92.141 - - [30/Jun/2017:09:58:17 +0800] "GET /scripts/assets/wap/css/app.css HTTP/1.1" 200 50784
114.230.92.141 - - [30/Jun/2017:09:58:17 +0800] "GET /resources/assets/css/amazeui.min.css HTTP/1.1" 200 263698
101.226.61.181 - - [30/Jun/2017:09:58:17 +0800] "GET /scripts/assets/wap/js/system.js HTTP/1.1" 200 7181
101.226.61.181 - - [30/Jun/2017:09:58:17 +0800] "GET /resources/js/alert.js HTTP/1.1" 200 4249
101.226.61.181 - - [30/Jun/2017:09:58:17 +0800] "GET /resources/assets/js/jquery.min.js HTTP/1.1" 200 84347
114.230.92.141 - - [30/Jun/2017:09:58:17 +0800] "GET /scripts/images/ef-logo-craft.png HTTP/1.1" 200 11569
101.226.61.181 - - [30/Jun/2017:09:58:17 +0800] "GET /resources/assets/js/amazeui.min.js HTTP/1.1" 200 212387
114.230.92.141 - - [30/Jun/2017:09:58:18 +0800] "GET /scripts/assets/wap/images/icon-wechat.png HTTP/1.1" 200 19744
114.230.92.141 - - [30/Jun/2017:09:58:18 +0800] "GET /scripts/assets/wap/images/icon-footer.png HTTP/1.1" 200 72612
101.226.66.192 - - [30/Jun/2017:09:58:27 +0800] "GET /minglu/project/iu2hhkzj5v4z34wj HTTP/1.1" 200 20581
101.226.66.192 - - [30/Jun/2017:09:58:28 +0800] "GET /resources/jquery/jquery-2.1.3.min.js HTTP/1.1" 200 84328
101.226.66.192 - - [30/Jun/2017:09:58:29 +0800] "GET /resources/assets/js/jquery.min.js?v=20150831 HTTP/1.1" 200 84347
101.226.66.192 - - [30/Jun/2017:09:58:29 +0800] "GET /scripts/assets/js/system.js?v=20150831 HTTP/1.1" 200 17210
101.226.66.192 - - [30/Jun/2017:09:58:29 +0800] "GET /resources/jquery/jquery-1.11.1.min.js HTTP/1.1" 200 138505
123.57.117.74 - - [30/Jun/2017:09:58:31 +0800] "GET / HTTP/1.1" 200 26148
101.226.66.192 - - [30/Jun/2017:09:58:31 +0800] "GET /resources/assets/js/amazeui.min.js?v=20150831 HTTP/1.1" 200 212387
101.200.101.211 - - [30/Jun/2017:09:58:31 +0800] "GET /scripts/wap/images/home-cpb1.png HTTP/1.1" 200 12346
101.200.101.207 - - [30/Jun/2017:09:58:31 +0800] "GET /scripts/wap/images/home-cpb2.png HTTP/1.1" 200 14483
101.200.101.205 - - [30/Jun/2017:09:58:31 +0800] "GET /scripts/images/icon-home-wechat.png HTTP/1.1" 200 15618
101.200.101.204 - - [30/Jun/2017:09:58:31 +0800] "GET /scripts/wap/images/icon-home.png HTTP/1.1" 200 26807
101.200.101.211 - - [30/Jun/2017:09:58:31 +0800] "GET /scripts/wap/fonts/fontawesome-webfont.woff2?v=4.3.0 HTTP/1.1" 404 992
123.57.117.84 - - [30/Jun/2017:09:58:32 +0800] "GET /scripts/wap/fonts/fontawesome-webfont.woff?v=4.3.0 HTTP/1.1" 404 992
101.200.101.201 - - [30/Jun/2017:09:58:32 +0800] "POST /cart/cartAmount.do HTTP/1.1" 200 13
101.200.101.206 - - [30/Jun/2017:09:58:32 +0800] "GET /scripts/wap/fonts/fontawesome-webfont.ttf?v=4.3.0 HTTP/1.1" 404 992
101.226.66.192 - - [30/Jun/2017:09:58:32 +0800] "GET /resources/jquery/jquery.qrcode.min.js HTTP/1.1" 200 14021
40.77.167.112 - - [30/Jun/2017:09:58:39 +0800] "GET /document/aboutUs?group=ec.fyjj HTTP/1.1" 200 26427
101.200.101.214 - - [30/Jun/2017:09:58:43 +0800] "GET / HTTP/1.1" 200 26148
101.200.101.211 - - [30/Jun/2017:09:58:44 +0800] "GET /scripts/wap/fonts/fontawesome-webfont.woff2?v=4.3.0 HTTP/1.1" 404 992
101.200.103.45 - - [30/Jun/2017:09:58:44 +0800] "GET /scripts/wap/fonts/fontawesome-webfont.woff?v=4.3.0 HTTP/1.1" 404 992
123.57.117.83 - - [30/Jun/2017:09:58:44 +0800] "POST /cart/cartAmount.do HTTP/1.1" 200 13
123.57.117.67 - - [30/Jun/2017:09:58:44 +0800] "GET /scripts/wap/fonts/fontawesome-webfont.ttf?v=4.3.0 HTTP/1.1" 404 992
123.57.117.74 - - [30/Jun/2017:09:59:04 +0800] "GET / HTTP/1.1" 200 26148
101.200.101.211 - - [30/Jun/2017:09:59:04 +0800] "GET /scripts/wap/fonts/fontawesome-webfont.woff2?v=4.3.0 HTTP/1.1" 404 992
101.200.101.216 - - [30/Jun/2017:09:59:05 +0800] "GET /scripts/wap/fonts/fontawesome-webfont.woff?v=4.3.0 HTTP/1.1" 404 992
101.200.101.201 - - [30/Jun/2017:09:59:05 +0800] "POST /cart/cartAmount.do HTTP/1.1" 200 13
101.200.103.14 - - [30/Jun/2017:09:59:05 +0800] "GET /scripts/wap/fonts/fontawesome-webfont.ttf?v=4.3.0 HTTP/1.1" 404 992
101.200.103.48 - - [30/Jun/2017:10:00:12 +0800] "GET /order/giftBuy/ig94acns2j61q0yd/1 HTTP/1.1" 302 -
123.57.117.67 - - [30/Jun/2017:10:00:12 +0800] "GET /login HTTP/1.1" 200 14834
101.226.125.16 - - [30/Jun/2017:10:00:34 +0800] "GET /order/myEfeiyi/list.do HTTP/1.1" 302 -
101.226.125.16 - - [30/Jun/2017:10:00:39 +0800] "GET /login HTTP/1.1" 200 14300
101.226.125.16 - - [30/Jun/2017:10:00:49 +0800] "GET /resources/jquery/jquery-1.11.1.min.js HTTP/1.1" 200 138505
101.226.125.16 - - [30/Jun/2017:10:01:25 +0800] "GET /resources/jquery/jquery.min.js HTTP/1.1" 200 84347
101.226.125.16 - - [30/Jun/2017:10:01:56 +0800] "GET /scripts/js/ef.util.js HTTP/1.1" 200 577
101.226.125.16 - - [30/Jun/2017:10:02:05 +0800] "GET /resources/js/alert.js HTTP/1.1" 200 4249
66.249.65.95 - - [30/Jun/2017:10:02:06 +0800] "GET /order/giftBuy/ihd7imoz6fncybsk/ HTTP/1.1" 302 -
66.249.65.93 - - [30/Jun/2017:10:02:08 +0800] "GET /login HTTP/1.1" 200 14834
101.226.125.16 - - [30/Jun/2017:10:02:15 +0800] "GET /resources/assets/js/amazeui.min.js HTTP/1.1" 200 212387
101.226.125.16 - - [30/Jun/2017:10:02:49 +0800] "GET /scripts/wap/js/system.js? HTTP/1.1" 200 13629
101.200.103.48 - - [30/Jun/2017:10:03:26 +0800] "GET /order/easyBuy/ildi2kw125oxb15i?amount=1 HTTP/1.1" 302 -
123.57.117.67 - - [30/Jun/2017:10:03:26 +0800] "GET /login HTTP/1.1" 200 14834
216.244.66.240 - - [30/Jun/2017:10:03:43 +0800] "GET /product/list/iui2klgh1upci2u4 HTTP/1.1" 200 30845
101.200.101.214 - - [30/Jun/2017:10:04:08 +0800] "GET / HTTP/1.1" 200 26148
101.200.101.205 - - [30/Jun/2017:10:04:08 +0800] "GET /apple-touch-icon-120x120-precomposed.png HTTP/1.1" 404 1074
101.200.101.203 - - [30/Jun/2017:10:04:08 +0800] "GET /apple-touch-icon-120x120.png HTTP/1.1" 404 1050
101.200.101.206 - - [30/Jun/2017:10:04:09 +0800] "GET /assets/i/app-icon72x72@2x.png HTTP/1.1" 404 1052
101.200.101.217 - - [30/Jun/2017:10:04:09 +0800] "GET /apple-touch-icon-precomposed.png HTTP/1.1" 404 1058
101.200.101.206 - - [30/Jun/2017:10:04:09 +0800] "GET /apple-touch-icon.png HTTP/1.1" 404 1034
101.200.101.206 - - [30/Jun/2017:10:04:09 +0800] "GET /assets/i/app-icon72x72@2x.png HTTP/1.1" 404 1052
101.200.101.219 - - [30/Jun/2017:10:04:09 +0800] "GET /assets/i/favicon.png HTTP/1.1" 404 1034
101.200.101.206 - - [30/Jun/2017:10:04:09 +0800] "GET /favicon.ico HTTP/1.1" 404 1016
119.23.154.193 - - [30/Jun/2017:10:05:10 +0800] "GET / HTTP/1.0" 500 7205
66.249.65.93 - - [30/Jun/2017:10:08:03 +0800] "GET /tenant/ish7ui6p84n40edc?sort=desc:popularityAmount HTTP/1.1" 200 30891
101.200.101.213 - - [30/Jun/2017:10:09:56 +0800] "GET /order/easyBuy/ij0s6w0a7pbbdghq?amount=1 HTTP/1.1" 302 -
123.57.117.67 - - [30/Jun/2017:10:09:56 +0800] "GET /login HTTP/1.1" 200 14834
80.82.78.38 - - [30/Jun/2017:10:11:18 +0800] "GET /cache/global/img/gs.gif HTTP/1.1" 404 1040
123.57.117.80 - - [30/Jun/2017:10:12:17 +0800] "GET /product/productModel/ih491s956armsk74 HTTP/1.1" 200 45580
101.200.101.219 - - [30/Jun/2017:10:13:10 +0800] "GET /order/easyBuy/ighp31accdmgb4er?amount=1 HTTP/1.1" 302 -
101.200.101.216 - - [30/Jun/2017:10:13:10 +0800] "GET /login HTTP/1.1" 200 14834
101.200.101.206 - - [30/Jun/2017:10:13:54 +0800] "GET /favicon.ico HTTP/1.1" 404 1016
101.200.101.206 - - [30/Jun/2017:10:13:54 +0800] "GET /favicon.ico HTTP/1.1" 404 1016
101.200.101.214 - - [30/Jun/2017:10:14:27 +0800] "GET / HTTP/1.1" 200 46096
101.200.103.18 - - [30/Jun/2017:10:14:27 +0800] "GET /scripts/css/home.css?v=20160601 HTTP/1.1" 304 -
101.200.103.14 - - [30/Jun/2017:10:14:27 +0800] "GET /resources/jquery/jquery-1.11.1.min.js HTTP/1.1" 304 -
101.200.103.45 - - [30/Jun/2017:10:14:27 +0800] "GET /resources/assets/css/amazeui.min.css HTTP/1.1" 304 -
123.57.117.66 - - [30/Jun/2017:10:14:27 +0800] "GET /scripts/js/jquery.min.js HTTP/1.1" 304 -
101.200.101.215 - - [30/Jun/2017:10:14:27 +0800] "GET /scripts/css/layout.css?v=20160601 HTTP/1.1" 304 -
123.57.117.78 - - [30/Jun/2017:10:14:27 +0800] "GET /scripts/js/home.js HTTP/1.1" 304 -
101.200.103.64 - - [30/Jun/2017:10:14:27 +0800] "GET /resources/jquery/jquery.min.js HTTP/1.1" 304 -
101.200.103.1 - - [30/Jun/2017:10:14:27 +0800] "GET /resources/js/alert.js HTTP/1.1" 304 -
123.57.117.71 - - [30/Jun/2017:10:14:27 +0800] "GET /resources/assets/js/amazeui.min.js HTTP/1.1" 304 -
123.57.117.83 - - [30/Jun/2017:10:14:27 +0800] "GET /scripts/js/ef.util.js HTTP/1.1" 304 -
101.200.103.44 - - [30/Jun/2017:10:14:27 +0800] "GET /scripts/js/myorder.js?v=929 HTTP/1.1" 304 -
101.200.103.42 - - [30/Jun/2017:10:14:28 +0800] "GET /scripts/images/intl-efeiyi.png HTTP/1.1" 200 3035
101.200.101.201 - - [30/Jun/2017:10:14:28 +0800] "POST /cart/cartAmount.do HTTP/1.1" 200 13
123.57.117.70 - - [30/Jun/2017:10:14:28 +0800] "GET /scripts/images/icon-home2016.png HTTP/1.1" 200 12071
101.200.101.217 - - [30/Jun/2017:10:14:28 +0800] "GET /scripts/images/newphone.png HTTP/1.1" 200 2400
101.200.103.25 - - [30/Jun/2017:10:14:28 +0800] "GET /scripts/images/next.png HTTP/1.1" 200 2938
101.200.101.208 - - [30/Jun/2017:10:14:29 +0800] "GET /scripts/images/new-shouB.png HTTP/1.1" 200 14742
123.57.117.70 - - [30/Jun/2017:10:14:29 +0800] "GET /scripts/images/icon2016.png HTTP/1.1" 200 3395
101.200.101.212 - - [30/Jun/2017:10:14:29 +0800] "GET /scripts/images/list2.png HTTP/1.1" 200 1193
101.200.101.216 - - [30/Jun/2017:10:14:30 +0800] "GET /scripts/images/home-wechat.jpg HTTP/1.1" 200 8165
101.200.101.203 - - [30/Jun/2017:10:14:30 +0800] "GET /scripts/images/es-logo.png HTTP/1.1" 200 6851
101.200.101.213 - - [30/Jun/2017:10:14:30 +0800] "GET /scripts/images/easy.png HTTP/1.1" 200 23536
101.200.101.212 - - [30/Jun/2017:10:14:30 +0800] "GET /scripts/images/authentication-0.png HTTP/1.1" 200 8309
123.57.117.65 - - [30/Jun/2017:10:14:30 +0800] "GET /scripts/images/authentication-1.png HTTP/1.1" 200 8272
123.57.117.80 - - [30/Jun/2017:10:14:30 +0800] "GET /scripts/images/authentication-3.png HTTP/1.1" 200 8050
123.57.117.66 - - [30/Jun/2017:10:14:30 +0800] "GET /scripts/images/authentication-2.png HTTP/1.1" 200 8272
123.57.117.66 - - [30/Jun/2017:10:14:30 +0800] "GET /scripts/images/itbg.jpg HTTP/1.1" 200 87077
101.200.103.22 - - [30/Jun/2017:10:14:30 +0800] "GET /scripts/images/es-btnh.png HTTP/1.1" 200 3648
123.57.117.70 - - [30/Jun/2017:10:14:30 +0800] "GET /scripts/images/fore-top.png HTTP/1.1" 200 1792
123.57.117.74 - - [30/Jun/2017:10:14:30 +0800] "GET /scripts/images/frlinksimg2.png HTTP/1.1" 200 9591
101.200.103.28 - - [30/Jun/2017:10:14:34 +0800] "GET /scripts/images/favicon.ico HTTP/1.1" 200 4299
101.200.103.17 - - [30/Jun/2017:10:16:25 +0800] "GET /product/list/ig0gnn7t2gnlab6u?sort=desc:product.createDateTime&pageEntity.size=12&pageEntity.index=7 HTTP/1.1" 200 14962
101.200.101.206 - - [30/Jun/2017:10:18:35 +0800] "GET /favicon.ico HTTP/1.1" 404 1016
123.57.117.74 - - [30/Jun/2017:10:18:47 +0800] "GET / HTTP/1.1" 200 46096
123.57.117.68 - - [30/Jun/2017:10:18:47 +0800] "GET /scripts/css/layout.css?v=20160601 HTTP/1.1" 304 -
123.57.117.71 - - [30/Jun/2017:10:18:47 +0800] "GET /resources/assets/css/amazeui.min.css HTTP/1.1" 304 -
123.57.117.82 - - [30/Jun/2017:10:18:47 +0800] "GET /resources/jquery/jquery-1.11.1.min.js HTTP/1.1" 304 -
123.57.117.65 - - [30/Jun/2017:10:18:47 +0800] "GET /scripts/css/home.css?v=20160601 HTTP/1.1" 304 -
123.57.117.65 - - [30/Jun/2017:10:18:47 +0800] "GET /resources/jquery/jquery.min.js HTTP/1.1" 304 -
123.57.117.66 - - [30/Jun/2017:10:18:51 +0800] "GET /scripts/js/jquery.min.js HTTP/1.1" 200 84439
123.57.117.78 - - [30/Jun/2017:10:18:53 +0800] "GET /scripts/js/home.js HTTP/1.1" 304 -
123.57.117.79 - - [30/Jun/2017:10:18:53 +0800] "GET /resources/js/alert.js HTTP/1.1" 304 -
123.57.117.74 - - [30/Jun/2017:10:18:53 +0800] "GET / HTTP/1.1" 200 46096
123.57.117.71 - - [30/Jun/2017:10:18:53 +0800] "GET /resources/assets/js/amazeui.min.js HTTP/1.1" 304 -
123.57.117.70 - - [30/Jun/2017:10:18:54 +0800] "GET /scripts/images/icon-home2016.png HTTP/1.1" 200 12071
123.57.117.70 - - [30/Jun/2017:10:18:55 +0800] "GET /scripts/images/icon2016.png HTTP/1.1" 200 3395
123.57.117.75 - - [30/Jun/2017:10:18:55 +0800] "GET /scripts/images/list2.png HTTP/1.1" 200 1193
123.57.117.74 - - [30/Jun/2017:10:18:56 +0800] "GET /scripts/images/intl-efeiyi.png HTTP/1.1" 200 3035
123.57.117.83 - - [30/Jun/2017:10:18:56 +0800] "GET /scripts/images/newphone.png HTTP/1.1" 200 2400
123.57.117.79 - - [30/Jun/2017:10:18:56 +0800] "GET /scripts/js/myorder.js?v=929 HTTP/1.1" 304 -
123.57.117.81 - - [30/Jun/2017:10:18:56 +0800] "GET /scripts/images/new-shouB.png HTTP/1.1" 200 14742
123.57.117.83 - - [30/Jun/2017:10:18:56 +0800] "GET /scripts/js/ef.util.js HTTP/1.1" 304 -
123.57.117.81 - - [30/Jun/2017:10:18:57 +0800] "GET /scripts/images/home-wechat.jpg HTTP/1.1" 200 8165
123.57.117.67 - - [30/Jun/2017:10:18:57 +0800] "GET /scripts/images/es-logo.png HTTP/1.1" 200 6851
123.57.117.82 - - [30/Jun/2017:10:18:58 +0800] "GET /scripts/images/easy.png HTTP/1.1" 200 23536
123.57.117.79 - - [30/Jun/2017:10:18:58 +0800] "GET /scripts/images/authentication-0.png HTTP/1.1" 200 8309
123.57.117.65 - - [30/Jun/2017:10:18:58 +0800] "GET /scripts/images/authentication-1.png HTTP/1.1" 200 8272
123.57.117.66 - - [30/Jun/2017:10:19:01 +0800] "GET /scripts/images/authentication-2.png HTTP/1.1" 200 8272
123.57.117.80 - - [30/Jun/2017:10:19:02 +0800] "GET /scripts/images/authentication-3.png HTTP/1.1" 200 8050
66.249.65.94 - - [30/Jun/2017:10:19:02 +0800] "GET /robots.txt HTTP/1.1" 404 1014
66.249.65.95 - - [30/Jun/2017:10:19:03 +0800] "GET /product/productModel/ij6w793m2qzehbtx HTTP/1.1" 200 48955
119.23.169.211 - - [30/Jun/2017:10:19:05 +0800] "GET /favicon.ico HTTP/1.1" 404 1016
123.57.117.67 - - [30/Jun/2017:10:19:41 +0800] "GET /order/easyBuy/iipd82td2tjz8098?amount=1 HTTP/1.1" 302 -
123.57.117.67 - - [30/Jun/2017:10:19:42 +0800] "GET /login HTTP/1.1" 200 14834
85.93.91.84 - - [30/Jun/2017:10:22:00 +0800] "GET /product/productModel/ijxn9fzt8r1cnrob HTTP/1.0" 200 42521
123.57.117.70 - - [30/Jun/2017:10:22:54 +0800] "GET /order/giftBuy/ihbtllfzmv92oa3x/ HTTP/1.1" 302 -
101.200.101.216 - - [30/Jun/2017:10:22:54 +0800] "GET /login HTTP/1.1" 200 14834
101.200.103.11 - - [30/Jun/2017:10:26:08 +0800] "GET /order/easyBuy/ijcfoqby875axq4o?amount=2 HTTP/1.1" 302 -
101.200.101.216 - - [30/Jun/2017:10:26:09 +0800] "GET /login HTTP/1.1" 200 29797
101.200.103.47 - - [30/Jun/2017:10:27:53 +0800] "GET /favicon.ico HTTP/1.1" 404 1016
123.57.117.74 - - [30/Jun/2017:10:28:00 +0800] "GET / HTTP/1.1" 200 46096
123.57.117.70 - - [30/Jun/2017:10:29:17 +0800] "GET /product/productModel/ik3ncovd1wby2nrs HTTP/1.1" 200 40565
47.90.92.26 - - [30/Jun/2017:10:29:25 +0800] "GET / HTTP/1.1" 500 7205
66.249.65.95 - - [30/Jun/2017:10:29:54 +0800] "GET /product/productModel/ij53s5gd373r99tx HTTP/1.1" 200 47684
101.200.103.47 - - [30/Jun/2017:10:31:24 +0800] "GET /favicon.ico HTTP/1.1" 404 1016
119.57.159.183 - - [30/Jun/2017:10:35:15 +0800] "GET /robots.txt HTTP/1.1" 404 1014
175.20.90.0 - - [30/Jun/2017:10:35:15 +0800] "GET /robots.txt HTTP/1.1" 404 1014
175.20.90.1 - - [30/Jun/2017:10:35:16 +0800] "GET /robots.txt HTTP/1.1" 404 1014
175.20.90.0 - - [30/Jun/2017:10:35:17 +0800] "HEAD /product/productModel/ijtbqj201tpkiycf HTTP/1.1" 200 -
119.57.159.183 - - [30/Jun/2017:10:35:17 +0800] "HEAD /product/productModel/imzotf942xzdidqc HTTP/1.1" 200 -
175.20.90.1 - - [30/Jun/2017:10:35:17 +0800] "HEAD /minglu/question/inze9z4lkbipjc7h.html HTTP/1.1" 200 -
175.20.90.1 - - [30/Jun/2017:10:35:17 +0800] "GET /minglu/question/inze9z4lkbipjc7h.html HTTP/1.1" 200 13412
119.57.159.183 - - [30/Jun/2017:10:35:17 +0800] "GET /product/productModel/imzotf942xzdidqc HTTP/1.1" 200 40558
175.20.90.0 - - [30/Jun/2017:10:35:17 +0800] "GET /robots.txt HTTP/1.1" 404 1014
175.20.90.0 - - [30/Jun/2017:10:35:17 +0800] "GET /product/productModel/ijtbqj201tpkiycf HTTP/1.1" 200 42954
175.20.90.0 - - [30/Jun/2017:10:35:18 +0800] "HEAD /minglu/question/iktco4y8hlsjl349.html HTTP/1.1" 200 -
175.20.90.0 - - [30/Jun/2017:10:35:18 +0800] "GET /minglu/question/iktco4y8hlsjl349.html HTTP/1.1" 200 13331
175.20.90.1 - - [30/Jun/2017:10:35:21 +0800] "GET /minglu/question/inzsanhr3cjgxqp0.html HTTP/1.1" 200 13575
66.249.65.95 - - [30/Jun/2017:10:35:43 +0800] "GET /order/easyBuy/ih7axvfla0pe93vn?amount=1 HTTP/1.1" 302 -
66.249.65.93 - - [30/Jun/2017:10:35:45 +0800] "GET /login HTTP/1.1" 200 29797
101.200.103.28 - - [30/Jun/2017:10:35:52 +0800] "GET /product/list/ieascvog81do1h99?sort=&pageEntity.size=12&pageEntity.index=3 HTTP/1.1" 200 20614
123.57.117.71 - - [30/Jun/2017:10:35:56 +0800] "GET /robots.txt HTTP/1.1" 404 1014
216.244.66.240 - - [30/Jun/2017:10:35:58 +0800] "GET /robots.txt HTTP/1.1" 404 1014
123.57.117.78 - - [30/Jun/2017:10:39:07 +0800] "GET /product/productModel/isrb0fu74rcfuh2k HTTP/1.1" 200 41350
66.249.65.130 - - [30/Jun/2017:10:40:37 +0800] "GET /sso.do HTTP/1.1" 302 -
66.249.65.130 - - [30/Jun/2017:10:40:38 +0800] "GET /sso2.do HTTP/1.1" 302 -
66.249.65.134 - - [30/Jun/2017:10:40:39 +0800] "GET /login HTTP/1.1" 200 18455
85.93.91.84 - - [30/Jun/2017:10:41:44 +0800] "GET /product/list/ihbrd1hb2vxcatxs HTTP/1.0" 200 33841
101.200.101.220 - - [30/Jun/2017:10:42:21 +0800] "GET /order/easyBuy/ije2kcw6264v6r7n?amount=1 HTTP/1.1" 302 -
101.200.101.216 - - [30/Jun/2017:10:42:22 +0800] "GET /login HTTP/1.1" 200 14834
66.249.65.94 - - [30/Jun/2017:10:43:48 +0800] "GET /order/giftBuy/ief3hjp46b9jk29l/ HTTP/1.1" 302 -
66.249.65.93 - - [30/Jun/2017:10:43:50 +0800] "GET /login HTTP/1.1" 200 14834
123.57.117.77 - - [30/Jun/2017:10:45:36 +0800] "GET /order/giftBuy/ig7m7jce2losmip4/ HTTP/1.1" 302 -
101.200.103.24 - - [30/Jun/2017:10:45:37 +0800] "GET /login HTTP/1.1" 200 14834
123.57.117.66 - - [30/Jun/2017:10:45:47 +0800] "GET /cart/addProduct.do?id=ij6w79372n4zrwyp&amount=1&redirect=/product/productModel/ij6w79372n4zrwyp HTTP/1.1" 200 25648
123.57.117.74 - - [30/Jun/2017:10:47:17 +0800] "GET /product/productModel/ihbnq822rz2v6jrz HTTP/1.1" 200 40226
